Component: ARM Compiler 5.05 update 1 (build 106) Tool: armlink [4d0efa]

==============================================================================

Section Cross References

    tasks.o(i.eTaskConfirmSleepModeStatus) refers to tasks.o(.bss) for .bss
    tasks.o(i.eTaskConfirmSleepModeStatus) refers to tasks.o(.data) for .data
    tasks.o(i.eTaskGetState) refers to port.o(.emb_text) for ulPortSetInterruptMask
    tasks.o(i.eTaskGetState) refers to port.o(i.vPortEnterCritical) for vPortEnterCritical
    tasks.o(i.eTaskGetState) refers to port.o(i.vPortExitCritical) for vPortExitCritical
    tasks.o(i.eTaskGetState) refers to tasks.o(.data) for .data
    tasks.o(i.eTaskGetState) refers to tasks.o(.bss) for .bss
    tasks.o(i.prvAddCurrentTaskToDelayedList) refers to list.o(i.vListInsert) for vListInsert
    tasks.o(i.prvAddCurrentTaskToDelayedList) refers to tasks.o(.data) for .data
    tasks.o(i.prvCheckTasksWaitingTermination) refers to tasks.o(i.vTaskSuspendAll) for vTaskSuspendAll
    tasks.o(i.prvCheckTasksWaitingTermination) refers to tasks.o(i.xTaskResumeAll) for xTaskResumeAll
    tasks.o(i.prvCheckTasksWaitingTermination) refers to port.o(i.vPortEnterCritical) for vPortEnterCritical
    tasks.o(i.prvCheckTasksWaitingTermination) refers to list.o(i.uxListRemove) for uxListRemove
    tasks.o(i.prvCheckTasksWaitingTermination) refers to port.o(i.vPortExitCritical) for vPortExitCritical
    tasks.o(i.prvCheckTasksWaitingTermination) refers to heap_4.o(i.vPortFree) for vPortFree
    tasks.o(i.prvCheckTasksWaitingTermination) refers to tasks.o(.bss) for .bss
    tasks.o(i.prvCheckTasksWaitingTermination) refers to tasks.o(.data) for .data
    tasks.o(i.prvGetExpectedIdleTime) refers to tasks.o(.data) for .data
    tasks.o(i.prvGetExpectedIdleTime) refers to tasks.o(.bss) for .bss
    tasks.o(i.prvIdleTask) refers to tasks.o(i.prvCheckTasksWaitingTermination) for prvCheckTasksWaitingTermination
    tasks.o(i.prvIdleTask) refers to port.o(i.vPortYield) for vPortYield
    tasks.o(i.prvIdleTask) refers to tasks.o(i.prvGetExpectedIdleTime) for prvGetExpectedIdleTime
    tasks.o(i.prvIdleTask) refers to tasks.o(i.vTaskSuspendAll) for vTaskSuspendAll
    tasks.o(i.prvIdleTask) refers to port.o(.emb_text) for ulPortSetInterruptMask
    tasks.o(i.prvIdleTask) refers to port.o(i.vPortSuppressTicksAndSleep) for vPortSuppressTicksAndSleep
    tasks.o(i.prvIdleTask) refers to tasks.o(i.xTaskResumeAll) for xTaskResumeAll
    tasks.o(i.prvIdleTask) refers to tasks.o(.bss) for .bss
    tasks.o(i.prvIdleTask) refers to tasks.o(.data) for .data
    tasks.o(i.prvResetNextTaskUnblockTime) refers to tasks.o(.data) for .data
    tasks.o(i.prvTaskIsTaskSuspended) refers to port.o(.emb_text) for ulPortSetInterruptMask
    tasks.o(i.prvTaskIsTaskSuspended) refers to tasks.o(.bss) for .bss
    tasks.o(i.pvTaskIncrementMutexHeldCount) refers to tasks.o(.data) for .data
    tasks.o(i.ulTaskNotifyTake) refers to port.o(i.vPortEnterCritical) for vPortEnterCritical
    tasks.o(i.ulTaskNotifyTake) refers to list.o(i.uxListRemove) for uxListRemove
    tasks.o(i.ulTaskNotifyTake) refers to tasks.o(i.prvAddCurrentTaskToDelayedList) for prvAddCurrentTaskToDelayedList
    tasks.o(i.ulTaskNotifyTake) refers to port.o(i.vPortYield) for vPortYield
    tasks.o(i.ulTaskNotifyTake) refers to port.o(i.vPortExitCritical) for vPortExitCritical
    tasks.o(i.ulTaskNotifyTake) refers to list.o(i.vListInsertEnd) for vListInsertEnd
    tasks.o(i.ulTaskNotifyTake) refers to tasks.o(.data) for .data
    tasks.o(i.ulTaskNotifyTake) refers to tasks.o(.bss) for .bss
    tasks.o(i.uxTaskGetNumberOfTasks) refers to tasks.o(.data) for .data
    tasks.o(i.uxTaskGetSystemState) refers to tasks.o(i.vTaskSuspendAll) for vTaskSuspendAll
    tasks.o(i.uxTaskGetSystemState) refers to tasks.o(i.prvListTaskWithinSingleList) for prvListTaskWithinSingleList
    tasks.o(i.uxTaskGetSystemState) refers to tasks.o(i.xTaskResumeAll) for xTaskResumeAll
    tasks.o(i.uxTaskGetSystemState) refers to tasks.o(.data) for .data
    tasks.o(i.uxTaskGetSystemState) refers to tasks.o(.bss) for .bss
    tasks.o(i.uxTaskPriorityGet) refers to port.o(i.vPortEnterCritical) for vPortEnterCritical
    tasks.o(i.uxTaskPriorityGet) refers to port.o(i.vPortExitCritical) for vPortExitCritical
    tasks.o(i.uxTaskPriorityGet) refers to tasks.o(.data) for .data
    tasks.o(i.uxTaskPriorityGetFromISR) refers to port.o(i.vPortValidateInterruptPriority) for vPortValidateInterruptPriority
    tasks.o(i.uxTaskPriorityGetFromISR) refers to port.o(.emb_text) for ulPortSetInterruptMask
    tasks.o(i.uxTaskPriorityGetFromISR) refers to tasks.o(.data) for .data
    tasks.o(i.uxTaskResetEventItemValue) refers to tasks.o(.data) for .data
    tasks.o(i.vTaskDelay) refers to port.o(.emb_text) for ulPortSetInterruptMask
    tasks.o(i.vTaskDelay) refers to tasks.o(i.vTaskSuspendAll) for vTaskSuspendAll
    tasks.o(i.vTaskDelay) refers to list.o(i.uxListRemove) for uxListRemove
[...]
    i.xQueueGiveFromISR                      0x08012010   Section        0  queue.o(i.xQueueGiveFromISR)
    i.xQueueReceiveFromISR                   0x08012086   Section        0  queue.o(i.xQueueReceiveFromISR)
    i.xTaskCheckForTimeOut                   0x080120fc   Section        0  tasks.o(i.xTaskCheckForTimeOut)
    i.xTaskGenericCreate                     0x08012154   Section        0  tasks.o(i.xTaskGenericCreate)
    i.xTaskGetSchedulerState                 0x080122e0   Section        0  tasks.o(i.xTaskGetSchedulerState)
    i.xTaskIncrementTick                     0x080122fc   Section        0  tasks.o(i.xTaskIncrementTick)
    i.xTaskPriorityDisinherit                0x080123bc   Section        0  tasks.o(i.xTaskPriorityDisinherit)
    i.xTaskRemoveFromEventList               0x08012440   Section        0  tasks.o(i.xTaskRemoveFromEventList)
    i.xTaskResumeAll                         0x080124b0   Section        0  tasks.o(i.xTaskResumeAll)
    .constdata                               0x0801255c   Section       25  system_stm32l1xx.o(.constdata)
    .constdata                               0x08012575   Section        8  system_stm32l1xx.o(.constdata)
    .constdata                               0x08012580   Section       28  display_module.o(.constdata)
    .constdata                               0x0801259c   Section       20  sys_time_module.o(.constdata)
    .constdata                               0x080125b0   Section       40  storage_moudle.o(.constdata)
    .constdata                               0x080125d8   Section     4112  lcd.o(.constdata)
    asc2_1608                                0x080125d8   Data        1520  lcd.o(.constdata)
    china_1616                               0x08012bc8   Data        2112  lcd.o(.constdata)
    china_2424                               0x08013408   Data         288  lcd.o(.constdata)
    DianLiang                                0x08013528   Data         192  lcd.o(.constdata)
    .constdata                               0x080135e8   Section      129  ctype_o.o(.constdata)
    .constdata                               0x0801366c   Section        4  ctype_o.o(.constdata)
    table                                    0x0801366c   Data           4  ctype_o.o(.constdata)
    .conststring                             0x08013670   Section        8  display_module.o(.conststring)
    .conststring                             0x08013678   Section        8  sys_time_module.o(.conststring)
    .conststring                             0x08013680   Section       21  storage_moudle.o(.conststring)
    .data                                    0x20000000   Section       56  tasks.o(.data)
    uxTasksDeleted                           0x20000004   Data           4  tasks.o(.data)
    uxCurrentNumberOfTasks                   0x20000008   Data           4  tasks.o(.data)
    xTickCount                               0x2000000c   Data           4  tasks.o(.data)
    uxTopReadyPriority                       0x20000010   Data           4  tasks.o(.data)
    xSchedulerRunning                        0x20000014   Data           4  tasks.o(.data)
    uxPendedTicks                            0x20000018   Data           4  tasks.o(.data)
    xYieldPending                            0x2000001c   Data           4  tasks.o(.data)
    xNumOfOverflows                          0x20000020   Data           4  tasks.o(.data)
    uxTaskNumber                             0x20000024   Data           4  tasks.o(.data)
    xNextTaskUnblockTime                     0x20000028   Data           4  tasks.o(.data)
    uxSchedulerSuspended                     0x2000002c   Data           4  tasks.o(.data)
    pxDelayedTaskList                        0x20000030   Data           4  tasks.o(.data)
    pxOverflowDelayedTaskList                0x20000034   Data           4  tasks.o(.data)
    .data                                    0x20000038   Section        4  system_stm32l1xx.o(.data)
    .data                                    0x2000003c   Section       40  display_module.o(.data)
    nian                                     0x2000003c   Data           1  display_module.o(.data)
    yue                                      0x2000003d   Data           1  display_module.o(.data)
    ri                                       0x2000003e   Data           1  display_module.o(.data)
    shi                                      0x2000003f   Data           1  display_module.o(.data)
    fen                                      0x20000040   Data           1  display_module.o(.data)
    miao                                     0x20000041   Data           1  display_module.o(.data)
    xDate                                    0x20000042   Data           4  display_module.o(.data)
    setDate                                  0x20000046   Data           4  display_module.o(.data)
    CurrentDisplay                           0x20000058   Data           4  display_module.o(.data)
    DisplayThreadHandle                      0x2000005c   Data           4  display_module.o(.data)
    ButtonQueue                              0x20000060   Data           4  display_module.o(.data)
    .data                                    0x20000064   Section       24  sys_time_module.o(.data)
    sys_date                                 0x2000006c   Data           4  sys_time_module.o(.data)
    SysTimeThreadHandle                      0x20000070   Data           4  sys_time_module.o(.data)
    semaphore                                0x20000074   Data           4  sys_time_module.o(.data)
    mutex                                    0x20000078   Data           4  sys_time_module.o(.data)
    .data                                    0x2000007c   Section      124  storage_moudle.o(.data)
    cr1_begin                                0x2000007c   Data           1  storage_moudle.o(.data)
    cr2_begin                                0x2000007d   Data           1  storage_moudle.o(.data)
    rx1_cplt                                 0x2000007e   Data           1  storage_moudle.o(.data)
    rx2_cplt                                 0x2000007f   Data           1  storage_moudle.o(.data)
    rx1_count                                0x20000084   Data           4  storage_moudle.o(.data)
    rx2_count                                0x20000088   Data           4  storage_moudle.o(.data)
    Usart_Date                               0x20000090   Data           4  storage_moudle.o(.data)
    p1                                       0x20000094   Data           4  storage_moudle.o(.data)
    group                                    0x200000e4   Data           4  storage_moudle.o(.data)
    Storage1ThreadHandle                     0x200000e8   Data           4  storage_moudle.o(.data)
    Storage2ThreadHandle                     0x200000ec   Data           4  storage_moudle.o(.data)
    semaphore_usart1                         0x200000f0   Data           4  storage_moudle.o(.data)
    semaphore_usart2                         0x200000f4   Data           4  storage_moudle.o(.data)
    .data                                    0x200000f8   Section        4  storage_moudle.o(.data)
    .data                                    0x200000fc   Section       14  pcf8563.o(.data)
    .data                                    0x2000010c   Section        4  stm32l1xx_hal.o(.data)
    .data                                    0x20000110   Section       24  port.o(.data)
    ucMaxSysCallPriority                     0x20000110   Data           1  port.o(.data)
    uxCriticalNesting                        0x20000114   Data           4  port.o(.data)
    ulTimerCountsForOneTick                  0x20000118   Data           4  port.o(.data)
    xMaximumPossibleSuppressedTicks          0x2000011c   Data           4  port.o(.data)
    ulStoppedTimerCompensation               0x20000120   Data           4  port.o(.data)
    ulMaxPRIGROUPValue                       0x20000124   Data           4  port.o(.data)
    .data                                    0x20000128   Section       24  heap_4.o(.data)
    pxEnd                                    0x20000128   Data           4  heap_4.o(.data)
    xFreeBytesRemaining                      0x2000012c   Data           4  heap_4.o(.data)
    xMinimumEverFreeBytesRemaining           0x20000130   Data           4  heap_4.o(.data)
    xBlockAllocatedBit                       0x20000134   Data           4  heap_4.o(.data)
    xStart                                   0x20000138   Data           8  heap_4.o(.data)
    .data                                    0x20000140   Section        4  strtok.o(.data)
    state                                    0x20000140   Data           4  strtok.o(.data)
    .data                                    0x20000144   Section        4  stdout.o(.data)
    .data                                    0x20000148   Section        4  errno.o(.data)
    _errno                                   0x20000148   Data           4  errno.o(.data)
    .bss                                     0x2000014c   Section      240  tasks.o(.bss)
    pxReadyTasksLists                        0x2000014c   Data         140  tasks.o(.bss)
    xDelayedTaskList1                        0x200001d8   Data          20  tasks.o(.bss)
    xDelayedTaskList2                        0x200001ec   Data          20  tasks.o(.bss)
    xPendingReadyList                        0x20000200   Data          20  tasks.o(.bss)
    xTasksWaitingTermination                 0x20000214   Data          20  tasks.o(.bss)
    xSuspendedTaskList                       0x20000228   Data          20  tasks.o(.bss)
    .bss                                     0x2000023c   Section      296  display_module.o(.bss)
    xTime                                    0x2000027c   Data          20  display_module.o(.bss)
    setTime                                  0x20000290   Data          20  display_module.o(.bss)
    MainMenu                                 0x200002a4   Data          24  display_module.o(.bss)
    DataMenu                                 0x200002bc   Data          24  display_module.o(.bss)
    CommMenu                                 0x200002d4   Data          24  display_module.o(.bss)
    TimeMenu                                 0x200002ec   Data          24  display_module.o(.bss)
    AverageMenu                              0x20000304   Data          24  display_module.o(.bss)
    PamsMenu                                 0x2000031c   Data          24  display_module.o(.bss)
    HardwareMenu                             0x20000334   Data          24  display_module.o(.bss)
    CorrectMenu                              0x2000034c   Data          24  display_module.o(.bss)
    .bss                                     0x20000364   Section       83  sys_time_module.o(.bss)
    sys_time                                 0x20000364   Data          20  sys_time_module.o(.bss)
    .bss                                     0x200003b8   Section     1120  storage_moudle.o(.bss)
    rx1_buffer                               0x200003b8   Data         512  storage_moudle.o(.bss)
    rx2_buffer                               0x200005b8   Data         512  storage_moudle.o(.bss)
    Usart_Time                               0x200007b8   Data          20  storage_moudle.o(.bss)
    read_buf                                 0x200007cc   Data          63  storage_moudle.o(.bss)
    Tbuf                                     0x2000080b   Data          13  storage_moudle.o(.bss)
    .bss                                     0x20000818   Section      128  usart.o(.bss)
    .bss                                     0x20000898   Section       32  rtc.o(.bss)
    .bss                                     0x200008b8   Section       12  iwdg.o(.bss)
    .bss                                     0x200008c4   Section     1056  lcd.o(.bss)
    .bss                                     0x20000ce4   Section      128  lcd.o(.bss)
    .bss                                     0x20000d64   Section    15360  heap_4.o(.bss)
    ucHeap                                   0x20000d64   Data       15360  heap_4.o(.bss)
    STACK                                    0x20004968   Section     1024  startup_stm32l152xc.o(STACK)

    Global Symbols

    Symbol Name                              Value     Ov Type        Size  Object(Section)

    BuildAttributes$$THM_ISAv4$P$D$K$B$S$PE$A:L22UL41UL21$X:L11$S22US41US21$IEEE1$IW$USESV6$~STKCKD$USESV7$~SHL$OTIME$ROPI$IEEEJ$EBA8$MICROLIB$REQ8$PRES8$EABIv2 0x00000000   Number         0  anon$$obj.o ABSOLUTE
    __ARM_use_no_argv                        0x00000000   Number         0  main.o ABSOLUTE
    _printf_a                                0x00000000   Number         0  stubs.o ABSOLUTE
    _printf_c                                0x00000000   Number         0  stubs.o ABSOLUTE
    _printf_charcount                        0x00000000   Number         0  stubs.o ABSOLUTE
    _printf_d                                0x00000000   Number         0  stubs.o ABSOLUTE
    _printf_e                                0x00000000   Number         0  stubs.o ABSOLUTE
    _printf_f                                0x00000000   Number         0  stubs.o ABSOLUTE
    _printf_flags                            0x00000000   Number         0  stubs.o ABSOLUTE
    _printf_fp_dec                           0x00000000   Number         0  stubs.o ABSOLUTE
    _printf_fp_hex                           0x00000000   Number         0  stubs.o ABSOLUTE
    _printf_g                                0x00000000   Number         0  stubs.o ABSOLUTE
    _printf_i                                0x00000000   Number         0  stubs.o ABSOLUTE
    _printf_int_dec                          0x00000000   Number         0  stubs.o ABSOLUTE
    _printf_l                                0x00000000   Number         0  stubs.o ABSOLUTE
    _printf_lc                               0x00000000   Number         0  stubs.o ABSOLUTE
    _printf_ll                               0x00000000   Number         0  stubs.o ABSOLUTE
    _printf_lld                              0x00000000   Number         0  stubs.o ABSOLUTE
    _printf_lli                              0x00000000   Number         0  stubs.o ABSOLUTE
    _printf_llo                              0x00000000   Number         0  stubs.o ABSOLUTE
    _printf_llu                              0x00000000   Number         0  stubs.o ABSOLUTE
    _printf_llx                              0x00000000   Number         0  stubs.o ABSOLUTE
    _printf_longlong_dec                     0x00000000   Number         0  stubs.o ABSOLUTE
    _printf_longlong_hex                     0x00000000   Number         0  stubs.o ABSOLUTE
    _printf_longlong_oct                     0x00000000   Number         0  stubs.o ABSOLUTE
    _printf_ls                               0x00000000   Number         0  stubs.o ABSOLUTE
    _printf_mbtowc                           0x00000000   Number         0  stubs.o ABSOLUTE
    _printf_n                                0x00000000   Number         0  stubs.o ABSOLUTE
    _printf_o                                0x00000000   Number         0  stubs.o ABSOLUTE
    _printf_p                                0x00000000   Number         0  stubs.o ABSOLUTE
    _printf_percent                          0x00000000   Number         0  stubs.o ABSOLUTE
    _printf_pre_padding                      0x00000000   Number         0  stubs.o ABSOLUTE
    _printf_return_value                     0x00000000   Number         0  stubs.o ABSOLUTE
    _printf_s                                0x00000000   Number         0  stubs.o ABSOLUTE
    _printf_sizespec                         0x00000000   Number         0  stubs.o ABSOLUTE
    _printf_str                              0x00000000   Number         0  stubs.o ABSOLUTE
    _printf_truncate_signed                  0x00000000   Number         0  stubs.o ABSOLUTE
    _printf_truncate_unsigned                0x00000000   Number         0  stubs.o ABSOLUTE
    _printf_u                                0x00000000   Number         0  stubs.o ABSOLUTE
    _printf_wc                               0x00000000   Number         0  stubs.o ABSOLUTE
    _printf_wctomb                           0x00000000   Number         0  stubs.o ABSOLUTE
    _printf_widthprec                        0x00000000   Number         0  stubs.o ABSOLUTE
    _printf_x                                0x00000000   Number         0  stubs.o ABSOLUTE
    __cpp_initialize__aeabi_                  - Undefined Weak Reference
    __cxa_finalize                            - Undefined Weak Reference
    _clock_init                               - Undefined Weak Reference
    _microlib_exit                            - Undefined Weak Reference
    __Vectors_Size                           0x00000124   Number         0  startup_stm32l152xc.o ABSOLUTE
    __Vectors                                0x08008000   Data           4  startup_stm32l152xc.o(RESET)
    __Vectors_End                            0x08008124   Data           0  startup_stm32l152xc.o(RESET)
    __main                                   0x08008125   Thumb Code     0  entry.o(.ARM.Collect$$$$00000000)
    _main_stk                                0x08008125   Thumb Code     0  entry2.o(.ARM.Collect$$$$00000001)
    _main_scatterload                        0x08008129   Thumb Code     0  entry5.o(.ARM.Collect$$$$00000004)
    __main_after_scatterload                 0x0800812d   Thumb Code     0  entry5.o(.ARM.Collect$$$$00000004)
    _main_clock                              0x0800812d   Thumb Code     0  entry7b.o(.ARM.Collect$$$$00000008)
    _main_cpp_init                           0x0800812d   Thumb Code     0  entry8b.o(.ARM.Collect$$$$0000000A)
    _main_init                               0x0800812d   Thumb Code     0  entry9a.o(.ARM.Collect$$$$0000000B)
    __rt_final_cpp                           0x08008135   Thumb Code     0  entry10a.o(.ARM.Collect$$$$0000000D)
    __rt_final_exit                          0x08008135   Thumb Code     0  entry11a.o(.ARM.Collect$$$$0000000F)
    SVC_Handler                              0x08008139   Thumb Code    32  port.o(.emb_text)
    __asm___6_port_c_39a90d8d__prvStartFirstTask 0x0800815d   Thumb Code    28  port.o(.emb_text)
    PendSV_Handler                           0x0800817d   Thumb Code    64  port.o(.emb_text)
    ulPortSetInterruptMask                   0x080081c1   Thumb Code    14  port.o(.emb_text)
    vPortClearInterruptMask                  0x080081cf   Thumb Code     6  port.o(.emb_text)
    vPortGetIPSR                             0x080081d5   Thumb Code     6  port.o(.emb_text)
    Reset_Handler                            0x080081dd   Thumb Code     8  startup_stm32l152xc.o(.text)
    ADC1_IRQHandler                          0x080081f7   Thumb Code     0  startup_stm32l152xc.o(.text)
    COMP_ACQ_IRQHandler                      0x080081f7   Thumb Code     0  startup_stm32l152xc.o(.text)
    COMP_IRQHandler                          0x080081f7   Thumb Code     0  startup_stm32l152xc.o(.text)
    DAC_IRQHandler                           0x080081f7   Thumb Code     0  startup_stm32l152xc.o(.text)
    DMA1_Channel1_IRQHandler                 0x080081f7   Thumb Code     0  startup_stm32l152xc.o(.text)
    DMA1_Channel2_IRQHandler                 0x080081f7   Thumb Code     0  startup_stm32l152xc.o(.text)
    DMA1_Channel3_IRQHandler                 0x080081f7   Thumb Code     0  startup_stm32l152xc.o(.text)
    DMA1_Channel4_IRQHandler                 0x080081f7   Thumb Code     0  startup_stm32l152xc.o(.text)
    DMA1_Channel5_IRQHandler                 0x080081f7   Thumb Code     0  startup_stm32l152xc.o(.text)
    DMA1_Channel6_IRQHandler                 0x080081f7   Thumb Code     0  startup_stm32l152xc.o(.text)
    DMA1_Channel7_IRQHandler                 0x080081f7   Thumb Code     0  startup_stm32l152xc.o(.text)
    DMA2_Channel1_IRQHandler                 0x080081f7   Thumb Code     0  startup_stm32l152xc.o(.text)
    DMA2_Channel2_IRQHandler                 0x080081f7   Thumb Code     0  startup_stm32l152xc.o(.text)
    DMA2_Channel3_IRQHandler                 0x080081f7   Thumb Code     0  startup_stm32l152xc.o(.text)
    DMA2_Channel4_IRQHandler                 0x080081f7   Thumb Code     0  startup_stm32l152xc.o(.text)
    DMA2_Channel5_IRQHandler                 0x080081f7   Thumb Code     0  startup_stm32l152xc.o(.text)
    EXTI0_IRQHandler                         0x080081f7   Thumb Code     0  startup_stm32l152xc.o(.text)
    EXTI2_IRQHandler                         0x080081f7   Thumb Code     0  startup_stm32l152xc.o(.text)
    EXTI3_IRQHandler                         0x080081f7   Thumb Code     0  startup_stm32l152xc.o(.text)
    EXTI4_IRQHandler                         0x080081f7   Thumb Code     0  startup_stm32l152xc.o(.text)
    EXTI9_5_IRQHandler                       0x080081f7   Thumb Code     0  startup_stm32l152xc.o(.text)
    FLASH_IRQHandler                         0x080081f7   Thumb Code     0  startup_stm32l152xc.o(.text)
    I2C1_ER_IRQHandler                       0x080081f7   Thumb Code     0  startup_stm32l152xc.o(.text)
    I2C1_EV_IRQHandler                       0x080081f7   Thumb Code     0  startup_stm32l152xc.o(.text)
    I2C2_ER_IRQHandler                       0x080081f7   Thumb Code     0  startup_stm32l152xc.o(.text)
    I2C2_EV_IRQHandler                       0x080081f7   Thumb Code     0  startup_stm32l152xc.o(.text)
    PVD_IRQHandler                           0x080081f7   Thumb Code     0  startup_stm32l152xc.o(.text)
    RCC_IRQHandler                           0x080081f7   Thumb Code     0  startup_stm32l152xc.o(.text)
    RTC_WKUP_IRQHandler                      0x080081f7   Thumb Code     0  startup_stm32l152xc.o(.text)
    SPI1_IRQHandler                          0x080081f7   Thumb Code     0  startup_stm32l152xc.o(.text)
    SPI2_IRQHandler                          0x080081f7   Thumb Code     0  startup_stm32l152xc.o(.text)
    SPI3_IRQHandler                          0x080081f7   Thumb Code     0  startup_stm32l152xc.o(.text)
    TAMPER_STAMP_IRQHandler                  0x080081f7   Thumb Code     0  startup_stm32l152xc.o(.text)
    TIM10_IRQHandler                         0x080081f7   Thumb Code     0  startup_stm32l152xc.o(.text)
    TIM11_IRQHandler                         0x080081f7   Thumb Code     0  startup_stm32l152xc.o(.text)
    TIM2_IRQHandler                          0x080081f7   Thumb Code     0  startup_stm32l152xc.o(.text)
    TIM3_IRQHandler                          0x080081f7   Thumb Code     0  startup_stm32l152xc.o(.text)
    TIM4_IRQHandler                          0x080081f7   Thumb Code     0  startup_stm32l152xc.o(.text)
    TIM5_IRQHandler                          0x080081f7   Thumb Code     0  startup_stm32l152xc.o(.text)
    TIM6_IRQHandler                          0x080081f7   Thumb Code     0  startup_stm32l152xc.o(.text)
    TIM7_IRQHandler                          0x080081f7   Thumb Code     0  startup_stm32l152xc.o(.text)
    TIM9_IRQHandler                          0x080081f7   Thumb Code     0  startup_stm32l152xc.o(.text)
    USART3_IRQHandler                        0x080081f7   Thumb Code     0  startup_stm32l152xc.o(.text)
    USB_FS_WKUP_IRQHandler                   0x080081f7   Thumb Code     0  startup_stm32l152xc.o(.text)
    USB_HP_IRQHandler                        0x080081f7   Thumb Code     0  startup_stm32l152xc.o(.text)
    USB_LP_IRQHandler                        0x080081f7   Thumb Code     0  startup_stm32l152xc.o(.text)
    WWDG_IRQHandler                          0x080081f7   Thumb Code     0  startup_stm32l152xc.o(.text)
    __aeabi_memcpy                           0x08008201   Thumb Code    36  memcpya.o(.text)
    __aeabi_memcpy4                          0x08008201   Thumb Code     0  memcpya.o(.text)
    __aeabi_memcpy8                          0x08008201   Thumb Code     0  memcpya.o(.text)
    __aeabi_memset                           0x08008225   Thumb Code    14  memseta.o(.text)
    __aeabi_memset4                          0x08008225   Thumb Code     0  memseta.o(.text)
    __aeabi_memset8                          0x08008225   Thumb Code     0  memseta.o(.text)
    __aeabi_memclr                           0x08008233   Thumb Code     4  memseta.o(.text)
    __aeabi_memclr4                          0x08008233   Thumb Code     0  memseta.o(.text)
    __aeabi_memclr8                          0x08008233   Thumb Code     0  memseta.o(.text)
    _memset$wrapper                          0x08008237   Thumb Code    18  memseta.o(.text)
    strncpy                                  0x08008249   Thumb Code    24  strncpy.o(.text)
    strlen                                   0x08008261   Thumb Code    14  strlen.o(.text)
    memchr                                   0x0800826f   Thumb Code    20  memchr.o(.text)
    memcmp                                   0x08008283   Thumb Code    26  memcmp.o(.text)
    strtok                                   0x0800829d   Thumb Code    62  strtok.o(.text)
    atoi                                     0x080082e1   Thumb Code    26  atoi.o(.text)
    __aeabi_fmul                             0x080082fb   Thumb Code   100  fmul.o(.text)
    __aeabi_f2uiz                            0x0800835f   Thumb Code    40  ffixui.o(.text)
    __aeabi_f2d                              0x08008387   Thumb Code    38  f2d.o(.text)
    __aeabi_d2f                              0x080083ad   Thumb Code    56  d2f.o(.text)
    __aeabi_uidiv                            0x080083e5   Thumb Code     0  uidiv.o(.text)
    __aeabi_uidivmod                         0x080083e5   Thumb Code    44  uidiv.o(.text)
    __aeabi_uldivmod                         0x08008411   Thumb Code    98  uldiv.o(.text)
    __strtod_int                             0x080084ab   Thumb Code    88  strtod.o(.text)
    strtol                                   0x08008511   Thumb Code   112  strtol.o(.text)
    __I$use$fp                               0x08008581   Thumb Code     0  iusefp.o(.text)
    _float_round                             0x08008581   Thumb Code    18  fepilogue.o(.text)
    _float_epilogue                          0x08008593   Thumb Code    92  fepilogue.o(.text)
    __aeabi_dadd                             0x080085ef   Thumb Code   322  dadd.o(.text)
    __aeabi_dsub                             0x08008731   Thumb Code     6  dadd.o(.text)
    __aeabi_drsub                            0x08008737   Thumb Code     6  dadd.o(.text)
    __aeabi_dmul                             0x0800873d   Thumb Code   228  dmul.o(.text)
    __aeabi_ddiv                             0x08008821   Thumb Code   222  ddiv.o(.text)
    __aeabi_d2ulz                            0x080088ff   Thumb Code    48  dfixul.o(.text)
    __aeabi_cdrcmple                         0x08008931   Thumb Code    48  cdrcmple.o(.text)
    __scatterload                            0x08008961   Thumb Code    28  init.o(.text)
    __scatterload_rt2                        0x08008961   Thumb Code     0  init.o(.text)
    __aeabi_llsl                             0x08008985   Thumb Code    30  llshl.o(.text)
    _ll_shift_l                              0x08008985   Thumb Code     0  llshl.o(.text)
    __aeabi_llsr                             0x080089a3   Thumb Code    32  llushr.o(.text)
    _ll_ushift_r                             0x080089a3   Thumb Code     0  llushr.o(.text)
    __aeabi_lasr                             0x080089c3   Thumb Code    36  llsshr.o(.text)
    _ll_sshift_r                             0x080089c3   Thumb Code     0  llsshr.o(.text)
    __rt_ctype_table                         0x080089e9   Thumb Code     4  ctype_o.o(.text)
    isspace                                  0x080089f1   Thumb Code    18  isspace_o.o(.text)
    _scanf_real                              0x08008b05   Thumb Code     0  scanf_fp.o(.text)
    _scanf_really_real                       0x08008b05   Thumb Code   556  scanf_fp.o(.text)
    _sgetc                                   0x08008d3d   Thumb Code    30  _sgetc.o(.text)
    _sbackspace                              0x08008d5b   Thumb Code    34  _sgetc.o(.text)
    _strtoul                                 0x08008d7d   Thumb Code   158  _strtoul.o(.text)
    _double_round                            0x08008e1b   Thumb Code    30  depilogue.o(.text)
    _double_epilogue                         0x08008e39   Thumb Code   156  depilogue.o(.text)
    _chval                                   0x08008ed5   Thumb Code    28  _chval.o(.text)
    __aeabi_ul2d                             0x08008ef1   Thumb Code    24  dfltul.o(.text)
    __decompress                             0x08008f09   Thumb Code     0  __dczerorl.o(.text)
    __decompress0                            0x08008f09   Thumb Code    58  __dczerorl.o(.text)
    AT24C512_Read                            0x08008f43   Thumb Code    42  at24c512.o(i.AT24C512_Read)
    BusFault_Handler                         0x080091f1   Thumb Code     2  stm32l1xx_it.o(i.BusFault_Handler)
    Button_Init                              0x080091f5   Thumb Code    96  button.o(i.Button_Init)
    DebugMon_Handler                         0x0800aef5   Thumb Code     2  stm32l1xx_it.o(i.DebugMon_Handler)
    EXTI15_10_IRQHandler                     0x0800af65   Thumb Code     8  stm32l1xx_it.o(i.EXTI15_10_IRQHandler)
    EXTI1_IRQHandler                         0x0800af6d   Thumb Code     6  stm32l1xx_it.o(i.EXTI1_IRQHandler)
    Error_Handler                            0x0800af75   Thumb Code    22  main.o(i.Error_Handler)
    FM24C256_Check                           0x0800af99   Thumb Code    96  at24c512.o(i.FM24C256_Check)
    FM24C256_Read_Byte                       0x0800aff9   Thumb Code    72  at24c512.o(i.FM24C256_Read_Byte)
    FM24C256_Write_Byte                      0x0800b041   Thumb Code    66  at24c512.o(i.FM24C256_Write_Byte)
    FM24C256_Write_NByte                     0x0800b083   Thumb Code    82  at24c512.o(i.FM24C256_Write_NByte)
    FM_Delay                                 0x0800b0d5   Thumb Code    24  at_iic.o(i.FM_Delay)
    FM_IIC_Ack                               0x0800b0ed   Thumb Code    68  at_iic.o(i.FM_IIC_Ack)
    FM_IIC_Init                              0x0800b135   Thumb Code    64  at_iic.o(i.FM_IIC_Init)
    FM_IIC_NAck                              0x0800b17d   Thumb Code    68  at_iic.o(i.FM_IIC_NAck)
    FM_IIC_Read_Byte                         0x0800b1c5   Thumb Code   104  at_iic.o(i.FM_IIC_Read_Byte)
    FM_IIC_Send_Byte                         0x0800b231   Thumb Code   104  at_iic.o(i.FM_IIC_Send_Byte)
    FM_IIC_Start                             0x0800b29d   Thumb Code    68  at_iic.o(i.FM_IIC_Start)
    FM_IIC_Stop                              0x0800b2e5   Thumb Code    70  at_iic.o(i.FM_IIC_Stop)
    FM_IIC_Wait_Ack                          0x0800b331   Thumb Code    94  at_iic.o(i.FM_IIC_Wait_Ack)
    FM_SDA_IN                                0x0800b395   Thumb Code    50  at_iic.o(i.FM_SDA_IN)
    FM_SDA_OUT                               0x0800b3d1   Thumb Code    52  at_iic.o(i.FM_SDA_OUT)
    HAL_Delay                                0x0800b40d   Thumb Code    22  stm32l1xx_hal.o(i.HAL_Delay)
    HAL_GPIO_EXTI_Callback                   0x0800b425   Thumb Code   320  display_module.o(i.HAL_GPIO_EXTI_Callback)
    HAL_GPIO_EXTI_IRQHandler                 0x0800b571   Thumb Code    18  stm32l1xx_hal_gpio.o(i.HAL_GPIO_EXTI_IRQHandler)
    HAL_GPIO_Init                            0x0800b589   Thumb Code   364  stm32l1xx_hal_gpio.o(i.HAL_GPIO_Init)
    HAL_GPIO_ReadPin                         0x0800b715   Thumb Code    10  stm32l1xx_hal_gpio.o(i.HAL_GPIO_ReadPin)
    HAL_GPIO_WritePin                        0x0800b71f   Thumb Code    10  stm32l1xx_hal_gpio.o(i.HAL_GPIO_WritePin)
    HAL_GetTick                              0x0800b729   Thumb Code     6  stm32l1xx_hal.o(i.HAL_GetTick)
    HAL_IWDG_Init                            0x0800b735   Thumb Code    82  stm32l1xx_hal_iwdg.o(i.HAL_IWDG_Init)
    HAL_IWDG_Refresh                         0x0800b787   Thumb Code    12  stm32l1xx_hal_iwdg.o(i.HAL_IWDG_Refresh)
    HAL_IncTick                              0x0800b795   Thumb Code    10  stm32l1xx_hal.o(i.HAL_IncTick)
    HAL_Init                                 0x0800b7a5   Thumb Code    40  stm32l1xx_hal.o(i.HAL_Init)
    HAL_InitTick                             0x0800b7d1   Thumb Code    34  stm32l1xx_hal.o(i.HAL_InitTick)
    HAL_MspInit                              0x0800b7f3   Thumb Code     2  stm32l1xx_hal.o(i.HAL_MspInit)
    HAL_NVIC_DisableIRQ                      0x0800b7f5   Thumb Code    22  stm32l1xx_hal_cortex.o(i.HAL_NVIC_DisableIRQ)
    HAL_NVIC_EnableIRQ                       0x0800b80b   Thumb Code    22  stm32l1xx_hal_cortex.o(i.HAL_NVIC_EnableIRQ)
    HAL_NVIC_SetPriority                     0x0800b821   Thumb Code    60  stm32l1xx_hal_cortex.o(i.HAL_NVIC_SetPriority)
    HAL_NVIC_SetPriorityGrouping             0x0800b861   Thumb Code    26  stm32l1xx_hal_cortex.o(i.HAL_NVIC_SetPriorityGrouping)
    HAL_NVIC_SystemReset                     0x0800b885   Thumb Code    24  stm32l1xx_hal_cortex.o(i.HAL_NVIC_SystemReset)
    HAL_PWREx_GetVoltageRange                0x0800b8a5   Thumb Code    10  stm32l1xx_hal_pwr_ex.o(i.HAL_PWREx_GetVoltageRange)
    HAL_PWR_EnableBkUpAccess                 0x0800b8b5   Thumb Code    20  stm32l1xx_hal_pwr.o(i.HAL_PWR_EnableBkUpAccess)
    HAL_PWR_EnterSLEEPMode                   0x0800b8cd   Thumb Code    38  stm32l1xx_hal_pwr.o(i.HAL_PWR_EnterSLEEPMode)
    HAL_RCCEx_PeriphCLKConfig                0x0800b8fd   Thumb Code   378  stm32l1xx_hal_rcc_ex.o(i.HAL_RCCEx_PeriphCLKConfig)
    HAL_RCC_ClockConfig                      0x0800ba85   Thumb Code   450  stm32l1xx_hal_rcc.o(i.HAL_RCC_ClockConfig)
    HAL_RCC_GetHCLKFreq                      0x0800bc59   Thumb Code     6  stm32l1xx_hal_rcc.o(i.HAL_RCC_GetHCLKFreq)
    HAL_RCC_GetPCLK1Freq                     0x0800bc65   Thumb Code    34  stm32l1xx_hal_rcc.o(i.HAL_RCC_GetPCLK1Freq)
    HAL_RCC_GetPCLK2Freq                     0x0800bc95   Thumb Code    34  stm32l1xx_hal_rcc.o(i.HAL_RCC_GetPCLK2Freq)
    HAL_RCC_GetSysClockFreq                  0x0800bcc5   Thumb Code   122  stm32l1xx_hal_rcc.o(i.HAL_RCC_GetSysClockFreq)
    HAL_RCC_OscConfig                        0x0800bd51   Thumb Code  1860  stm32l1xx_hal_rcc.o(i.HAL_RCC_OscConfig)
    HAL_RTCEx_AlarmBEventCallback            0x0800c4a1   Thumb Code     2  stm32l1xx_hal_rtc_ex.o(i.HAL_RTCEx_AlarmBEventCallback)
    HAL_RTC_AlarmAEventCallback              0x0800c4a5   Thumb Code    14  sys_time_module.o(i.HAL_RTC_AlarmAEventCallback)
    HAL_RTC_AlarmIRQHandler                  0x0800c4b9   Thumb Code    86  stm32l1xx_hal_rtc.o(i.HAL_RTC_AlarmIRQHandler)
    HAL_RTC_GetDate                          0x0800c515   Thumb Code    62  stm32l1xx_hal_rtc.o(i.HAL_RTC_GetDate)
    HAL_RTC_GetTime                          0x0800c559   Thumb Code    84  stm32l1xx_hal_rtc_ex.o(i.HAL_RTC_GetTime)
    HAL_RTC_Init                             0x0800c5b1   Thumb Code   150  stm32l1xx_hal_rtc.o(i.HAL_RTC_Init)
    HAL_RTC_MspInit                          0x0800c64d   Thumb Code   126  rtc.o(i.HAL_RTC_MspInit)
    HAL_RTC_SetAlarm_IT                      0x0800c711   Thumb Code   404  stm32l1xx_hal_rtc_ex.o(i.HAL_RTC_SetAlarm_IT)
    HAL_RTC_SetDate                          0x0800c8a9   Thumb Code   196  stm32l1xx_hal_rtc.o(i.HAL_RTC_SetDate)
    HAL_RTC_SetTime                          0x0800c971   Thumb Code   228  stm32l1xx_hal_rtc.o(i.HAL_RTC_SetTime)
    HAL_RTC_WaitForSynchro                   0x0800ca59   Thumb Code    58  stm32l1xx_hal_rtc_ex.o(i.HAL_RTC_WaitForSynchro)
    HAL_SYSTICK_Config                       0x0800ca93   Thumb Code    40  stm32l1xx_hal_cortex.o(i.HAL_SYSTICK_Config)
    HAL_UART_ErrorCallback                   0x0800cabb   Thumb Code     2  stm32l1xx_hal_uart.o(i.HAL_UART_ErrorCallback)
    HAL_UART_Init                            0x0800cabd   Thumb Code    94  stm32l1xx_hal_uart.o(i.HAL_UART_Init)
    HAL_UART_MspInit                         0x0800cb1d   Thumb Code   184  usart.o(i.HAL_UART_MspInit)
    HAL_UART_Transmit                        0x0800cbe9   Thumb Code   204  stm32l1xx_hal_uart.o(i.HAL_UART_Transmit)
    HardFault_Handler                        0x0800ccb5   Thumb Code     2  stm32l1xx_it.o(i.HardFault_Handler)
    I2C_delay                                0x0800cf55   Thumb Code    26  pcf8563.o(i.I2C_delay)
    IIC_Ack                                  0x0800cf71   Thumb Code    64  pcf8563.o(i.IIC_Ack)
    IIC_Init                                 0x0800cfb5   Thumb Code   200  pcf8563.o(i.IIC_Init)
    IIC_NAck                                 0x0800d07d   Thumb Code    64  pcf8563.o(i.IIC_NAck)
    IIC_Read_Byte                            0x0800d0c1   Thumb Code   104  pcf8563.o(i.IIC_Read_Byte)
    IIC_Send_Byte                            0x0800d12d   Thumb Code   112  pcf8563.o(i.IIC_Send_Byte)
    IIC_Start                                0x0800d1a1   Thumb Code    68  pcf8563.o(i.IIC_Start)
    IIC_Stop                                 0x0800d1e9   Thumb Code    68  pcf8563.o(i.IIC_Stop)
    IIC_Wait_Ack                             0x0800d231   Thumb Code   102  pcf8563.o(i.IIC_Wait_Ack)
    IWDG_Init                                0x0800d29d   Thumb Code    20  iwdg.o(i.IWDG_Init)
    MX_GPIO_Init                             0x0800d2b9   Thumb Code   274  gpio.o(i.MX_GPIO_Init)
    MX_RTC_Init                              0x0800d3dd   Thumb Code    78  rtc.o(i.MX_RTC_Init)
    MemManage_Handler                        0x0800d6f1   Thumb Code     2  stm32l1xx_it.o(i.MemManage_Handler)
    NMI_Handler                              0x0800d6f3   Thumb Code     2  stm32l1xx_it.o(i.NMI_Handler)
    OLED_Char                                0x0800d715   Thumb Code   112  lcd.o(i.OLED_Char)
    OLED_China                               0x0800d789   Thumb Code   108  lcd.o(i.OLED_China)
    OLED_China1                              0x0800d7f9   Thumb Code    98  lcd.o(i.OLED_China1)
    OLED_Clear                               0x0800d861   Thumb Code    40  lcd.o(i.OLED_Clear)
    OLED_DrawPoint                           0x0800d88d   Thumb Code    48  lcd.o(i.OLED_DrawPoint)
    OLED_Huatu                               0x0800d8c1   Thumb Code    98  lcd.o(i.OLED_Huatu)
    OLED_Init                                0x0800d929   Thumb Code   154  lcd.o(i.OLED_Init)
    OLED_OpenMenu                            0x0800d9c3   Thumb Code   146  lcd.o(i.OLED_OpenMenu)
    OLED_Refresh_Gram                        0x0800da55   Thumb Code    60  lcd.o(i.OLED_Refresh_Gram)
    OLED_ShowString                          0x0800da95   Thumb Code    66  lcd.o(i.OLED_ShowString)
    OLED_W_Command                           0x0800dad9   Thumb Code   110  lcd.o(i.OLED_W_Command)
    OLED_W_Data                              0x0800db4d   Thumb Code   108  lcd.o(i.OLED_W_Data)
    PCF8563_Read_Time                        0x0800dbbd   Thumb Code   222  pcf8563.o(i.PCF8563_Read_Time)
    PCF8563_Set_Time                         0x0800dca1   Thumb Code   246  pcf8563.o(i.PCF8563_Set_Time)
    PostSleepProcessing                      0x0800e40b   Thumb Code     2  main.o(i.PostSleepProcessing)
    PreSleepProcessing                       0x0800e40d   Thumb Code     8  main.o(i.PreSleepProcessing)
    RTC_Alarm_IRQHandler                     0x0800e48d   Thumb Code     6  stm32l1xx_it.o(i.RTC_Alarm_IRQHandler)
    RTC_Bcd2ToByte                           0x0800e499   Thumb Code    18  stm32l1xx_hal_rtc.o(i.RTC_Bcd2ToByte)
    RTC_ByteToBcd2                           0x0800e4ab   Thumb Code    22  stm32l1xx_hal_rtc.o(i.RTC_ByteToBcd2)
    RTC_EnterInitMode                        0x0800e4c1   Thumb Code    58  stm32l1xx_hal_rtc.o(i.RTC_EnterInitMode)
    SDA_IN                                   0x0800e4fd   Thumb Code    50  pcf8563.o(i.SDA_IN)
    SDA_OUT                                  0x0800e539   Thumb Code    52  pcf8563.o(i.SDA_OUT)
    SysTick_Handler                          0x0800f141   Thumb Code    14  stm32l1xx_it.o(i.SysTick_Handler)
    SystemClock_Config                       0x0800f5fd   Thumb Code   152  main.o(i.SystemClock_Config)
    SystemInit                               0x0800f69d   Thumb Code    62  system_stm32l1xx.o(i.SystemInit)
    USART1_IRQHandler                        0x0800fce9   Thumb Code   230  storage_moudle.o(i.USART1_IRQHandler)
    USART1_UART_Init                         0x0800fddd   Thumb Code    30  usart.o(i.USART1_UART_Init)
    USART2_IRQHandler                        0x0800fe05   Thumb Code   230  storage_moudle.o(i.USART2_IRQHandler)
    USART2_UART_Init                         0x0800fef9   Thumb Code    34  usart.o(i.USART2_UART_Init)
    UsageFault_Handler                       0x0800ff25   Thumb Code     2  stm32l1xx_it.o(i.UsageFault_Handler)
    __0printf                                0x0800ff29   Thumb Code    22  printfa.o(i.__0printf)
    __1printf                                0x0800ff29   Thumb Code     0  printfa.o(i.__0printf)
    __2printf                                0x0800ff29   Thumb Code     0  printfa.o(i.__0printf)
    __c89printf                              0x0800ff29   Thumb Code     0  printfa.o(i.__0printf)
    printf                                   0x0800ff29   Thumb Code     0  printfa.o(i.__0printf)
    __0snprintf                              0x0800ff49   Thumb Code    36  printfa.o(i.__0snprintf)
    __1snprintf                              0x0800ff49   Thumb Code     0  printfa.o(i.__0snprintf)
    __2snprintf                              0x0800ff49   Thumb Code     0  printfa.o(i.__0snprintf)
    __c89snprintf                            0x0800ff49   Thumb Code     0  printfa.o(i.__0snprintf)
    snprintf                                 0x0800ff49   Thumb Code     0  printfa.o(i.__0snprintf)
    __0sprintf                               0x0800ff71   Thumb Code    34  printfa.o(i.__0sprintf)
    __1sprintf                               0x0800ff71   Thumb Code     0  printfa.o(i.__0sprintf)
    __2sprintf                               0x0800ff71   Thumb Code     0  printfa.o(i.__0sprintf)
    __c89sprintf                             0x0800ff71   Thumb Code     0  printfa.o(i.__0sprintf)
    sprintf                                  0x0800ff71   Thumb Code     0  printfa.o(i.__0sprintf)
    __aeabi_errno_addr                       0x0800ff99   Thumb Code     4  errno.o(i.__aeabi_errno_addr)
    __rt_errno_addr                          0x0800ff99   Thumb Code     0  errno.o(i.__aeabi_errno_addr)
    __read_errno                             0x0800ffa1   Thumb Code     6  errno.o(i.__read_errno)
    __scatterload_copy                       0x0800ffad   Thumb Code    14  handlers.o(i.__scatterload_copy)
    __scatterload_null                       0x0800ffbb   Thumb Code     2  handlers.o(i.__scatterload_null)
    __scatterload_zeroinit                   0x0800ffbd   Thumb Code    14  handlers.o(i.__scatterload_zeroinit)
    __set_errno                              0x0800ffcd   Thumb Code     6  errno.o(i.__set_errno)
    _is_digit                                0x0801013d   Thumb Code    14  scanf_fp.o(i._is_digit)
    atof                                     0x0801089b   Thumb Code    42  atof.o(i.atof)
    eTaskConfirmSleepModeStatus              0x080108c5   Thumb Code    38  tasks.o(i.eTaskConfirmSleepModeStatus)
    fputc                                    0x080108f5   Thumb Code    20  usart.o(i.fputc)
    get_sys_time                             0x0801090d   Thumb Code    84  sys_time_module.o(i.get_sys_time)
    get_sys_time_tm                          0x08010969   Thumb Code    90  sys_time_module.o(i.get_sys_time_tm)
    init_display_module                      0x08010ac9   Thumb Code   132  display_module.o(i.init_display_module)
    init_storage_module                      0x08010bc5   Thumb Code   146  storage_moudle.o(i.init_storage_module)
    init_sys_time_module                     0x08010d01   Thumb Code   110  sys_time_module.o(i.init_sys_time_module)
    main                                     0x08010de9   Thumb Code    42  main.o(i.main)
    osDelay                                  0x08010e65   Thumb Code    14  cmsis_os.o(i.osDelay)
    osKernelStart                            0x08010e73   Thumb Code    10  cmsis_os.o(i.osKernelStart)
    osMessageCreate                          0x08010e7d   Thumb Code     8  cmsis_os.o(i.osMessageCreate)
    osMessageGet                             0x08010e85   Thumb Code   138  cmsis_os.o(i.osMessageGet)
    osMessagePut                             0x08010f15   Thumb Code    78  cmsis_os.o(i.osMessagePut)
    osMutexCreate                            0x08010f69   Thumb Code     6  cmsis_os.o(i.osMutexCreate)
    osMutexRelease                           0x08010f71   Thumb Code    66  cmsis_os.o(i.osMutexRelease)
    osMutexWait                              0x08010fb9   Thumb Code    92  cmsis_os.o(i.osMutexWait)
    osSemaphoreCreate                        0x08011019   Thumb Code    46  cmsis_os.o(i.osSemaphoreCreate)
    osSemaphoreRelease                       0x08011049   Thumb Code    66  cmsis_os.o(i.osSemaphoreRelease)
    osSemaphoreWait                          0x08011091   Thumb Code    92  cmsis_os.o(i.osSemaphoreWait)
    osSystickHandler                         0x080110f1   Thumb Code    20  cmsis_os.o(i.osSystickHandler)
    osThreadCreate                           0x08011105   Thumb Code    56  cmsis_os.o(i.osThreadCreate)
    pvPortMalloc                             0x080113f9   Thumb Code   182  heap_4.o(i.pvPortMalloc)
    pvTaskIncrementMutexHeldCount            0x080114b5   Thumb Code    18  tasks.o(i.pvTaskIncrementMutexHeldCount)
    pxPortInitialiseStack                    0x080114cd   Thumb Code    28  port.o(i.pxPortInitialiseStack)
    set_sys_time                             0x080114ed   Thumb Code   156  sys_time_module.o(i.set_sys_time)
    sync_time                                0x08011595   Thumb Code   220  time_related.o(i.sync_time)
    uxListRemove                             0x080116ad   Thumb Code    36  list.o(i.uxListRemove)
    vListInitialise                          0x080116d1   Thumb Code    22  list.o(i.vListInitialise)
    vListInitialiseItem                      0x080116e7   Thumb Code     6  list.o(i.vListInitialiseItem)
    vListInsert                              0x080116ed   Thumb Code    48  list.o(i.vListInsert)
    vListInsertEnd                           0x0801171d   Thumb Code    24  list.o(i.vListInsertEnd)
    vPortEnterCritical                       0x08011735   Thumb Code    44  port.o(i.vPortEnterCritical)
    vPortExitCritical                        0x08011769   Thumb Code    30  port.o(i.vPortExitCritical)
    vPortFree                                0x0801178d   Thumb Code    68  heap_4.o(i.vPortFree)
    vPortSetupTimerInterrupt                 0x080117d5   Thumb Code    58  port.o(i.vPortSetupTimerInterrupt)
    vPortSuppressTicksAndSleep               0x08011819   Thumb Code   220  port.o(i.vPortSuppressTicksAndSleep)
    vPortValidateInterruptPriority           0x080118f9   Thumb Code    54  port.o(i.vPortValidateInterruptPriority)
    vPortYield                               0x08011939   Thumb Code    18  port.o(i.vPortYield)
    vTaskDelay                               0x08011951   Thumb Code    76  tasks.o(i.vTaskDelay)
    vTaskMissedYield                         0x080119a1   Thumb Code     8  tasks.o(i.vTaskMissedYield)
    vTaskPlaceOnEventList                    0x080119ad   Thumb Code    80  tasks.o(i.vTaskPlaceOnEventList)
    vTaskPriorityInherit                     0x08011a05   Thumb Code   124  tasks.o(i.vTaskPriorityInherit)
    vTaskSetTimeOutState                     0x08011a89   Thumb Code    22  tasks.o(i.vTaskSetTimeOutState)
    vTaskStartScheduler                      0x08011aa5   Thumb Code    66  tasks.o(i.vTaskStartScheduler)
    vTaskStepTick                            0x08011af9   Thumb Code    28  tasks.o(i.vTaskStepTick)
    vTaskSuspendAll                          0x08011b19   Thumb Code    10  tasks.o(i.vTaskSuspendAll)
    vTaskSwitchContext                       0x08011b29   Thumb Code    74  tasks.o(i.vTaskSwitchContext)
    xPortStartScheduler                      0x08011b7d   Thumb Code   102  port.o(i.xPortStartScheduler)
    xPortSysTickHandler                      0x08011bf1   Thumb Code    30  port.o(i.xPortSysTickHandler)
    xQueueCreateCountingSemaphore            0x08011c15   Thumb Code    42  queue.o(i.xQueueCreateCountingSemaphore)
    xQueueCreateMutex                        0x08011c3f   Thumb Code    74  queue.o(i.xQueueCreateMutex)
    xQueueGenericCreate                      0x08011c89   Thumb Code    80  queue.o(i.xQueueGenericCreate)
    xQueueGenericReceive                     0x08011cd9   Thumb Code   302  queue.o(i.xQueueGenericReceive)
    xQueueGenericReset                       0x08011e07   Thumb Code   106  queue.o(i.xQueueGenericReset)
    xQueueGenericSend                        0x08011e71   Thumb Code   276  queue.o(i.xQueueGenericSend)
    xQueueGenericSendFromISR                 0x08011f85   Thumb Code   140  queue.o(i.xQueueGenericSendFromISR)
    xQueueGiveFromISR                        0x08012011   Thumb Code   118  queue.o(i.xQueueGiveFromISR)
    xQueueReceiveFromISR                     0x08012087   Thumb Code   118  queue.o(i.xQueueReceiveFromISR)
    xTaskCheckForTimeOut                     0x080120fd   Thumb Code    82  tasks.o(i.xTaskCheckForTimeOut)
    xTaskGenericCreate                       0x08012155   Thumb Code   388  tasks.o(i.xTaskGenericCreate)
    xTaskGetSchedulerState                   0x080122e1   Thumb Code    22  tasks.o(i.xTaskGetSchedulerState)
    xTaskIncrementTick                       0x080122fd   Thumb Code   184  tasks.o(i.xTaskIncrementTick)
    xTaskPriorityDisinherit                  0x080123bd   Thumb Code   124  tasks.o(i.xTaskPriorityDisinherit)
    xTaskRemoveFromEventList                 0x08012441   Thumb Code   104  tasks.o(i.xTaskRemoveFromEventList)
    xTaskResumeAll                           0x080124b1   Thumb Code   162  tasks.o(i.xTaskResumeAll)
    PLLMulTable                              0x0801255c   Data           9  system_stm32l1xx.o(.constdata)
    AHBPrescTable                            0x08012565   Data          16  system_stm32l1xx.o(.constdata)
    APBPrescTable                            0x08012575   Data           8  system_stm32l1xx.o(.constdata)
    __ctype_table                            0x080135e8   Data         129  ctype_o.o(.constdata)
    Region$$Table$$Base                      0x08013698   Number         0  anon$$obj.o(Region$$Table)
    Region$$Table$$Limit                     0x080136b8   Number         0  anon$$obj.o(Region$$Table)
    pxCurrentTCB                             0x20000000   Data           4  tasks.o(.data)
    SystemCoreClock                          0x20000038   Data           4  system_stm32l1xx.o(.data)
    rainzhi1                                 0x2000004c   Data           4  display_module.o(.data)
    rainzhi2                                 0x20000050   Data           4  display_module.o(.data)
    rainzhi3                                 0x20000054   Data           4  display_module.o(.data)
    DATA_Number                              0x20000064   Data           1  sys_time_module.o(.data)
    number_N                                 0x20000068   Data           4  sys_time_module.o(.data)
    USART2_FLAG                              0x20000080   Data           1  storage_moudle.o(.data)
    DATA_FLAG                                0x20000081   Data           1  storage_moudle.o(.data)
    space                                    0x20000082   Data           1  storage_moudle.o(.data)
    data_flag                                0x20000083   Data           1  storage_moudle.o(.data)
    debug_usart                              0x2000008c   Data           4  storage_moudle.o(.data)
    humi                                     0x20000098   Data           4  storage_moudle.o(.data)
    windirect                                0x2000009c   Data           4  storage_moudle.o(.data)
    twodirect                                0x200000a0   Data           4  storage_moudle.o(.data)
    tendirect                                0x200000a4   Data           4  storage_moudle.o(.data)
    voltage                                  0x200000a8   Data           4  storage_moudle.o(.data)
    temperature                              0x200000ac   Data           4  storage_moudle.o(.data)
    airpressure                              0x200000b0   Data           4  storage_moudle.o(.data)
    wspeed                                   0x200000b4   Data           4  storage_moudle.o(.data)
    twospeed                                 0x200000b8   Data           4  storage_moudle.o(.data)
    tenspeed                                 0x200000bc   Data           4  storage_moudle.o(.data)
    button1                                  0x200000c0   Data           4  storage_moudle.o(.data)
    space1                                   0x200000c4   Data           4  storage_moudle.o(.data)
    Tcorrect                                 0x200000c8   Data           4  storage_moudle.o(.data)
    Hcorrect                                 0x200000cc   Data           4  storage_moudle.o(.data)
    Wcorrect                                 0x200000d0   Data           4  storage_moudle.o(.data)
    Airpressure                              0x200000d4   Data           4  storage_moudle.o(.data)
    Aconstant                                0x200000d8   Data           4  storage_moudle.o(.data)
    Aircon                                   0x200000dc   Data           4  storage_moudle.o(.data)
    zhanhao                                  0x200000e0   Data           4  storage_moudle.o(.data)
    Soil                                     0x200000f8   Data           4  storage_moudle.o(.data)
    PCF_DataStruct_Time                      0x200000fc   Data           7  pcf8563.o(.data)
    Time_Buffer                              0x20000103   Data           7  pcf8563.o(.data)
    uwTick                                   0x2000010c   Data           4  stm32l1xx_hal.o(.data)
    __stdout                                 0x20000144   Data           4  stdout.o(.data)
    parameter                                0x2000023c   Data          64  display_module.o(.bss)
    historydata                              0x20000378   Data          63  sys_time_module.o(.bss)
    huart1                                   0x20000818   Data          64  usart.o(.bss)
    huart2                                   0x20000858   Data          64  usart.o(.bss)
    hrtc                                     0x20000898   Data          32  rtc.o(.bss)
    hiwdg                                    0x200008b8   Data          12  iwdg.o(.bss)
    OLED_GRAM                                0x200008c4   Data        1056  lcd.o(.bss)
    disp_buf                                 0x20000ce4   Data         128  lcd.o(.bss)
    __initial_sp                             0x20004d68   Data           0  startup_stm32l152xc.o(STACK)



==============================================================================

Memory Map of the image

  Image Entry point : 0x08008125

  Load Region LR_IROM1 (Base: 0x08008000, Size: 0x0000b804, Max: 0x00038000, ABSOLUTE, COMPRESSED[0x0000b6c8])

    Execution Region ER_IROM1 (Base: 0x08008000, Size: 0x0000b6b8, Max: 0x00038000, ABSOLUTE)

    Base Addr    Size         Type   Attr      Idx    E Section Name        Object

    0x08008000   0x00000124   Data   RO          914    RESET               startup_stm32l152xc.o
    0x08008124   0x00000000   Code   RO         4978  * .ARM.Collect$$$$00000000  mc_w.l(entry.o)
    0x08008124   0x00000004   Code   RO         5272    .ARM.Collect$$$$00000001  mc_w.l(entry2.o)
    0x08008128   0x00000004   Code   RO         5275    .ARM.Collect$$$$00000004  mc_w.l(entry5.o)
    0x0800812c   0x00000000   Code   RO         5277    .ARM.Collect$$$$00000008  mc_w.l(entry7b.o)
    0x0800812c   0x00000000   Code   RO         5279    .ARM.Collect$$$$0000000A  mc_w.l(entry8b.o)
    0x0800812c   0x00000008   Code   RO         5280    .ARM.Collect$$$$0000000B  mc_w.l(entry9a.o)
    0x08008134   0x00000000   Code   RO         5282    .ARM.Collect$$$$0000000D  mc_w.l(entry10a.o)
    0x08008134   0x00000000   Code   RO         5284    .ARM.Collect$$$$0000000F  mc_w.l(entry11a.o)
    0x08008134   0x00000004   Code   RO         5273    .ARM.Collect$$$$00002712  mc_w.l(entry2.o)
    0x08008138   0x000000a2   Code   RO         4842    .emb_text           port.o
    0x080081da   0x00000002   PAD
    0x080081dc   0x00000024   Code   RO          915    .text               startup_stm32l152xc.o
    0x08008200   0x00000024   Code   RO         4981    .text               mc_w.l(memcpya.o)
    0x08008224   0x00000024   Code   RO         4983    .text               mc_w.l(memseta.o)
    0x08008248   0x00000018   Code   RO         4985    .text               mc_w.l(strncpy.o)
    0x08008260   0x0000000e   Code   RO         4987    .text               mc_w.l(strlen.o)
    0x0800826e   0x00000014   Code   RO         4989    .text               mc_w.l(memchr.o)
    0x08008282   0x0000001a   Code   RO         4991    .text               mc_w.l(memcmp.o)
    0x0800829c   0x00000044   Code   RO         4993    .text               mc_w.l(strtok.o)
    0x080082e0   0x0000001a   Code   RO         5262    .text               mc_w.l(atoi.o)
    0x080082fa   0x00000064   Code   RO         5264    .text               mf_w.l(fmul.o)
    0x0800835e   0x00000028   Code   RO         5266    .text               mf_w.l(ffixui.o)
    0x08008386   0x00000026   Code   RO         5268    .text               mf_w.l(f2d.o)
    0x080083ac   0x00000038   Code   RO         5270    .text               mf_w.l(d2f.o)
    0x080083e4   0x0000002c   Code   RO         5287    .text               mc_w.l(uidiv.o)
    0x08008410   0x00000062   Code   RO         5289    .text               mc_w.l(uldiv.o)
    0x08008472   0x00000002   PAD
    0x08008474   0x0000009c   Code   RO         5298    .text               mc_w.l(strtod.o)
    0x08008510   0x00000070   Code   RO         5300    .text               mc_w.l(strtol.o)
    0x08008580   0x00000000   Code   RO         5302    .text               mc_w.l(iusefp.o)
    0x08008580   0x0000006e   Code   RO         5303    .text               mf_w.l(fepilogue.o)
    0x080085ee   0x0000014e   Code   RO         5305    .text               mf_w.l(dadd.o)
    0x0800873c   0x000000e4   Code   RO         5307    .text               mf_w.l(dmul.o)
    0x08008820   0x000000de   Code   RO         5309    .text               mf_w.l(ddiv.o)
    0x080088fe   0x00000030   Code   RO         5311    .text               mf_w.l(dfixul.o)
    0x0800892e   0x00000002   PAD
    0x08008930   0x00000030   Code   RO         5313    .text               mf_w.l(cdrcmple.o)
    0x08008960   0x00000024   Code   RO         5315    .text               mc_w.l(init.o)
    0x08008984   0x0000001e   Code   RO         5317    .text               mc_w.l(llshl.o)
    0x080089a2   0x00000020   Code   RO         5319    .text               mc_w.l(llushr.o)
    0x080089c2   0x00000024   Code   RO         5321    .text               mc_w.l(llsshr.o)
    0x080089e6   0x00000002   PAD
    0x080089e8   0x00000008   Code   RO         5325    .text               mc_w.l(ctype_o.o)
    0x080089f0   0x00000012   Code   RO         5347    .text               mc_w.l(isspace_o.o)
    0x08008a02   0x00000002   PAD
    0x08008a04   0x00000338   Code   RO         5353    .text               mc_w.l(scanf_fp.o)
    0x08008d3c   0x00000040   Code   RO         5357    .text               mc_w.l(_sgetc.o)
    0x08008d7c   0x0000009e   Code   RO         5359    .text               mc_w.l(_strtoul.o)
    0x08008e1a   0x000000ba   Code   RO         5361    .text               mf_w.l(depilogue.o)
    0x08008ed4   0x0000001c   Code   RO         5366    .text               mc_w.l(_chval.o)
    0x08008ef0   0x00000018   Code   RO         5368    .text               mf_w.l(dfltul.o)
    0x08008f08   0x0000003a   Code   RO         5378    .text               mc_w.l(__dczerorl.o)
    0x08008f42   0x0000002a   Code   RO         1987    i.AT24C512_Read     at24c512.o
    0x08008f6c   0x0000007c   Code   RO         1118    i.AverageScreen_ButtonHandler  display_module.o
    0x08008fe8   0x00000208   Code   RO         1119    i.AverageScreen_Display  display_module.o
    0x080091f0   0x00000002   Code   RO         1493    i.BusFault_Handler  stm32l1xx_it.o
    0x080091f2   0x00000002   PAD
    0x080091f4   0x0000006c   Code   RO         1730    i.Button_Init       button.o
    0x08009260   0x000000ec   Code   RO         1120    i.CommScreen_ButtonHandler  display_module.o
    0x0800934c   0x0000016c   Code   RO         1121    i.CommScreen_Display  display_module.o
    0x080094b8   0x00000698   Code   RO         1122    i.CorrectScreen_ButtonHandler  display_module.o
    0x08009b50   0x00000e58   Code   RO         1123    i.CorrectScreen_Display  display_module.o
    0x0800a9a8   0x00000088   Code   RO         1124    i.DataScreen_ButtonHandler  display_module.o
    0x0800aa30   0x000004c4   Code   RO         1125    i.DataScreen_Display  display_module.o
    0x0800aef4   0x00000002   Code   RO         1494    i.DebugMon_Handler  stm32l1xx_it.o
    0x0800aef6   0x00000002   PAD
    0x0800aef8   0x0000006c   Code   RO         1126    i.Display_Thread    display_module.o
    0x0800af64   0x00000008   Code   RO         1495    i.EXTI15_10_IRQHandler  stm32l1xx_it.o
    0x0800af6c   0x00000006   Code   RO         1496    i.EXTI1_IRQHandler  stm32l1xx_it.o
    0x0800af72   0x00000002   PAD
    0x0800af74   0x00000024   Code   RO         1445    i.Error_Handler     main.o
    0x0800af98   0x00000060   Code   RO         1989    i.FM24C256_Check    at24c512.o
    0x0800aff8   0x00000048   Code   RO         1990    i.FM24C256_Read_Byte  at24c512.o
    0x0800b040   0x00000042   Code   RO         1992    i.FM24C256_Write_Byte  at24c512.o
    0x0800b082   0x00000052   Code   RO         1993    i.FM24C256_Write_NByte  at24c512.o
    0x0800b0d4   0x00000018   Code   RO         2047    i.FM_Delay          at_iic.o
    0x0800b0ec   0x00000048   Code   RO         2048    i.FM_IIC_Ack        at_iic.o
    0x0800b134   0x00000048   Code   RO         2049    i.FM_IIC_Init       at_iic.o
    0x0800b17c   0x00000048   Code   RO         2050    i.FM_IIC_NAck       at_iic.o
    0x0800b1c4   0x0000006c   Code   RO         2051    i.FM_IIC_Read_Byte  at_iic.o
    0x0800b230   0x0000006c   Code   RO         2052    i.FM_IIC_Send_Byte  at_iic.o
    0x0800b29c   0x00000048   Code   RO         2053    i.FM_IIC_Start      at_iic.o
    0x0800b2e4   0x0000004c   Code   RO         2054    i.FM_IIC_Stop       at_iic.o
    0x0800b330   0x00000064   Code   RO         2055    i.FM_IIC_Wait_Ack   at_iic.o
    0x0800b394   0x0000003c   Code   RO         2056    i.FM_SDA_IN         at_iic.o
    0x0800b3d0   0x0000003c   Code   RO         2057    i.FM_SDA_OUT        at_iic.o
    0x0800b40c   0x00000016   Code   RO         2362    i.HAL_Delay         stm32l1xx_hal.o
    0x0800b422   0x00000002   PAD
    0x0800b424   0x0000014c   Code   RO         1127    i.HAL_GPIO_EXTI_Callback  display_module.o
    0x0800b570   0x00000018   Code   RO         2845    i.HAL_GPIO_EXTI_IRQHandler  stm32l1xx_hal_gpio.o
    0x0800b588   0x0000018c   Code   RO         2846    i.HAL_GPIO_Init     stm32l1xx_hal_gpio.o
    0x0800b714   0x0000000a   Code   RO         2848    i.HAL_GPIO_ReadPin  stm32l1xx_hal_gpio.o
    0x0800b71e   0x0000000a   Code   RO         2850    i.HAL_GPIO_WritePin  stm32l1xx_hal_gpio.o
    0x0800b728   0x0000000c   Code   RO         2366    i.HAL_GetTick       stm32l1xx_hal.o
    0x0800b734   0x00000052   Code   RO         3171    i.HAL_IWDG_Init     stm32l1xx_hal_iwdg.o
    0x0800b786   0x0000000c   Code   RO         3172    i.HAL_IWDG_Refresh  stm32l1xx_hal_iwdg.o
    0x0800b792   0x00000002   PAD
    0x0800b794   0x00000010   Code   RO         2367    i.HAL_IncTick       stm32l1xx_hal.o
    0x0800b7a4   0x0000002c   Code   RO         2368    i.HAL_Init          stm32l1xx_hal.o
    0x0800b7d0   0x00000022   Code   RO         2369    i.HAL_InitTick      stm32l1xx_hal.o
    0x0800b7f2   0x00000002   Code   RO         2371    i.HAL_MspInit       stm32l1xx_hal.o
    0x0800b7f4   0x00000016   Code   RO         2234    i.HAL_NVIC_DisableIRQ  stm32l1xx_hal_cortex.o
    0x0800b80a   0x00000016   Code   RO         2235    i.HAL_NVIC_EnableIRQ  stm32l1xx_hal_cortex.o
    0x0800b820   0x00000040   Code   RO         2241    i.HAL_NVIC_SetPriority  stm32l1xx_hal_cortex.o
    0x0800b860   0x00000024   Code   RO         2242    i.HAL_NVIC_SetPriorityGrouping  stm32l1xx_hal_cortex.o
    0x0800b884   0x00000020   Code   RO         2243    i.HAL_NVIC_SystemReset  stm32l1xx_hal_cortex.o
    0x0800b8a4   0x00000010   Code   RO         2682    i.HAL_PWREx_GetVoltageRange  stm32l1xx_hal_pwr_ex.o
    0x0800b8b4   0x00000018   Code   RO         2563    i.HAL_PWR_EnableBkUpAccess  stm32l1xx_hal_pwr.o
    0x0800b8cc   0x00000030   Code   RO         2568    i.HAL_PWR_EnterSLEEPMode  stm32l1xx_hal_pwr.o
    0x0800b8fc   0x00000188   Code   RO         2497    i.HAL_RCCEx_PeriphCLKConfig  stm32l1xx_hal_rcc_ex.o
    0x0800ba84   0x000001d4   Code   RO         2737    i.HAL_RCC_ClockConfig  stm32l1xx_hal_rcc.o
    0x0800bc58   0x0000000c   Code   RO         2742    i.HAL_RCC_GetHCLKFreq  stm32l1xx_hal_rcc.o
    0x0800bc64   0x00000030   Code   RO         2744    i.HAL_RCC_GetPCLK1Freq  stm32l1xx_hal_rcc.o
    0x0800bc94   0x00000030   Code   RO         2745    i.HAL_RCC_GetPCLK2Freq  stm32l1xx_hal_rcc.o
    0x0800bcc4   0x0000008c   Code   RO         2746    i.HAL_RCC_GetSysClockFreq  stm32l1xx_hal_rcc.o
    0x0800bd50   0x00000750   Code   RO         2749    i.HAL_RCC_OscConfig  stm32l1xx_hal_rcc.o
    0x0800c4a0   0x00000002   Code   RO         3308    i.HAL_RTCEx_AlarmBEventCallback  stm32l1xx_hal_rtc_ex.o
    0x0800c4a2   0x00000002   PAD
    0x0800c4a4   0x00000014   Code   RO         1313    i.HAL_RTC_AlarmAEventCallback  sys_time_module.o
    0x0800c4b8   0x0000005c   Code   RO         3202    i.HAL_RTC_AlarmIRQHandler  stm32l1xx_hal_rtc.o
    0x0800c514   0x00000044   Code   RO         3205    i.HAL_RTC_GetDate   stm32l1xx_hal_rtc.o
    0x0800c558   0x00000058   Code   RO         3347    i.HAL_RTC_GetTime   stm32l1xx_hal_rtc_ex.o
    0x0800c5b0   0x0000009c   Code   RO         3207    i.HAL_RTC_Init      stm32l1xx_hal_rtc.o
    0x0800c64c   0x000000c4   Code   RO         1653    i.HAL_RTC_MspInit   rtc.o
    0x0800c710   0x00000198   Code   RO         3349    i.HAL_RTC_SetAlarm_IT  stm32l1xx_hal_rtc_ex.o
    0x0800c8a8   0x000000c8   Code   RO         3211    i.HAL_RTC_SetDate   stm32l1xx_hal_rtc.o
    0x0800c970   0x000000e8   Code   RO         3212    i.HAL_RTC_SetTime   stm32l1xx_hal_rtc.o
    0x0800ca58   0x0000003a   Code   RO         3350    i.HAL_RTC_WaitForSynchro  stm32l1xx_hal_rtc_ex.o
    0x0800ca92   0x00000028   Code   RO         2246    i.HAL_SYSTICK_Config  stm32l1xx_hal_cortex.o
    0x0800caba   0x00000002   Code   RO         4289    i.HAL_UART_ErrorCallback  stm32l1xx_hal_uart.o
    0x0800cabc   0x0000005e   Code   RO         4293    i.HAL_UART_Init     stm32l1xx_hal_uart.o
    0x0800cb1a   0x00000002   PAD
    0x0800cb1c   0x000000cc   Code   RO         1599    i.HAL_UART_MspInit  usart.o
    0x0800cbe8   0x000000cc   Code   RO         4301    i.HAL_UART_Transmit  stm32l1xx_hal_uart.o
    0x0800ccb4   0x00000002   Code   RO         1497    i.HardFault_Handler  stm32l1xx_it.o
    0x0800ccb6   0x00000002   PAD
    0x0800ccb8   0x00000134   Code   RO         1128    i.HardwareScreen_ButtonHandler  display_module.o
    0x0800cdec   0x00000168   Code   RO         1129    i.HardwareScreen_Display  display_module.o
    0x0800cf54   0x0000001a   Code   RO         1754    i.I2C_delay         pcf8563.o
    0x0800cf6e   0x00000002   PAD
    0x0800cf70   0x00000044   Code   RO         1755    i.IIC_Ack           pcf8563.o
    0x0800cfb4   0x000000c8   Code   RO         1756    i.IIC_Init          pcf8563.o
    0x0800d07c   0x00000044   Code   RO         1757    i.IIC_NAck          pcf8563.o
    0x0800d0c0   0x0000006c   Code   RO         1758    i.IIC_Read_Byte     pcf8563.o
    0x0800d12c   0x00000074   Code   RO         1759    i.IIC_Send_Byte     pcf8563.o
    0x0800d1a0   0x00000048   Code   RO         1760    i.IIC_Start         pcf8563.o
    0x0800d1e8   0x00000048   Code   RO         1761    i.IIC_Stop          pcf8563.o
    0x0800d230   0x0000006c   Code   RO         1762    i.IIC_Wait_Ack      pcf8563.o
    0x0800d29c   0x0000001c   Code   RO         1695    i.IWDG_Init         iwdg.o
    0x0800d2b8   0x00000124   Code   RO         1574    i.MX_GPIO_Init      gpio.o
    0x0800d3dc   0x00000058   Code   RO         1654    i.MX_RTC_Init       rtc.o
    0x0800d434   0x00000054   Code   RO         1130    i.MainScreen_ButtonHandler  display_module.o
    0x0800d488   0x00000268   Code   RO         1131    i.MainScreen_Display  display_module.o
    0x0800d6f0   0x00000002   Code   RO         1498    i.MemManage_Handler  stm32l1xx_it.o
    0x0800d6f2   0x00000002   Code   RO         1499    i.NMI_Handler       stm32l1xx_it.o
    0x0800d6f4   0x00000020   Code   RO         2248    i.NVIC_SetPriority  stm32l1xx_hal_cortex.o
    0x0800d714   0x00000074   Code   RO         1856    i.OLED_Char         lcd.o
    0x0800d788   0x00000070   Code   RO         1857    i.OLED_China        lcd.o
    0x0800d7f8   0x00000068   Code   RO         1858    i.OLED_China1       lcd.o
    0x0800d860   0x0000002c   Code   RO         1859    i.OLED_Clear        lcd.o
    0x0800d88c   0x00000034   Code   RO         1860    i.OLED_DrawPoint    lcd.o
    0x0800d8c0   0x00000068   Code   RO         1861    i.OLED_Huatu        lcd.o
    0x0800d928   0x0000009a   Code   RO         1862    i.OLED_Init         lcd.o
    0x0800d9c2   0x00000092   Code   RO         1863    i.OLED_OpenMenu     lcd.o
    0x0800da54   0x00000040   Code   RO         1864    i.OLED_Refresh_Gram  lcd.o
    0x0800da94   0x00000042   Code   RO         1865    i.OLED_ShowString   lcd.o
    0x0800dad6   0x00000002   PAD
    0x0800dad8   0x00000074   Code   RO         1866    i.OLED_W_Command    lcd.o
    0x0800db4c   0x00000070   Code   RO         1867    i.OLED_W_Data       lcd.o
    0x0800dbbc   0x000000e4   Code   RO         1763    i.PCF8563_Read_Time  pcf8563.o
    0x0800dca0   0x000000fc   Code   RO         1764    i.PCF8563_Set_Time  pcf8563.o
    0x0800dd9c   0x00000228   Code   RO         1132    i.PamsScreen_ButtonHandler  display_module.o
    0x0800dfc4   0x00000446   Code   RO         1133    i.PamsScreen_Display  display_module.o
    0x0800e40a   0x00000002   Code   RO         1446    i.PostSleepProcessing  main.o
    0x0800e40c   0x00000008   Code   RO         1447    i.PreSleepProcessing  main.o
    0x0800e414   0x00000078   Code   RO         2750    i.RCC_SetFlashLatencyFromMSIRange  stm32l1xx_hal_rcc.o
    0x0800e48c   0x0000000c   Code   RO         1500    i.RTC_Alarm_IRQHandler  stm32l1xx_it.o
    0x0800e498   0x00000012   Code   RO         3213    i.RTC_Bcd2ToByte    stm32l1xx_hal_rtc.o
    0x0800e4aa   0x00000016   Code   RO         3214    i.RTC_ByteToBcd2    stm32l1xx_hal_rtc.o
    0x0800e4c0   0x0000003a   Code   RO         3215    i.RTC_EnterInitMode  stm32l1xx_hal_rtc.o
    0x0800e4fa   0x00000002   PAD
    0x0800e4fc   0x0000003c   Code   RO         1765    i.SDA_IN            pcf8563.o
    0x0800e538   0x0000003c   Code   RO         1766    i.SDA_OUT           pcf8563.o
    0x0800e574   0x000003f8   Code   RO         1389    i.Storage1_Thread   storage_moudle.o
    0x0800e96c   0x000007d4   Code   RO         1390    i.Storage2_Thread   storage_moudle.o
    0x0800f140   0x0000000e   Code   RO         1501    i.SysTick_Handler   stm32l1xx_it.o
    0x0800f14e   0x00000002   PAD
    0x0800f150   0x000004ac   Code   RO         1314    i.SysTime_Thread    sys_time_module.o
    0x0800f5fc   0x000000a0   Code   RO         1448    i.SystemClock_Config  main.o
    0x0800f69c   0x00000050   Code   RO         1081    i.SystemInit        system_stm32l1xx.o
    0x0800f6ec   0x00000180   Code   RO         1134    i.TimeScreen_ButtonHandler  display_module.o
    0x0800f86c   0x00000148   Code   RO         1135    i.TimeScreen_Display  display_module.o
    0x0800f9b4   0x000002a0   Code   RO         4312    i.UART_SetConfig    stm32l1xx_hal_uart.o
    0x0800fc54   0x00000092   Code   RO         4314    i.UART_WaitOnFlagUntilTimeout  stm32l1xx_hal_uart.o
    0x0800fce6   0x00000002   PAD
    0x0800fce8   0x000000f4   Code   RO         1391    i.USART1_IRQHandler  storage_moudle.o
    0x0800fddc   0x00000028   Code   RO         1600    i.USART1_UART_Init  usart.o
    0x0800fe04   0x000000f4   Code   RO         1392    i.USART2_IRQHandler  storage_moudle.o
    0x0800fef8   0x0000002c   Code   RO         1601    i.USART2_UART_Init  usart.o
    0x0800ff24   0x00000002   Code   RO         1502    i.UsageFault_Handler  stm32l1xx_it.o
    0x0800ff26   0x00000002   PAD
    0x0800ff28   0x00000020   Code   RO         5234    i.__0printf         mc_w.l(printfa.o)
    0x0800ff48   0x00000028   Code   RO         5235    i.__0snprintf       mc_w.l(printfa.o)
    0x0800ff70   0x00000028   Code   RO         5236    i.__0sprintf        mc_w.l(printfa.o)
    0x0800ff98   0x00000008   Code   RO         5291    i.__aeabi_errno_addr  mc_w.l(errno.o)
    0x0800ffa0   0x0000000c   Code   RO         5292    i.__read_errno      mc_w.l(errno.o)
    0x0800ffac   0x0000000e   Code   RO         5372    i.__scatterload_copy  mc_w.l(handlers.o)
    0x0800ffba   0x00000002   Code   RO         5373    i.__scatterload_null  mc_w.l(handlers.o)
    0x0800ffbc   0x0000000e   Code   RO         5374    i.__scatterload_zeroinit  mc_w.l(handlers.o)
    0x0800ffca   0x00000002   PAD
    0x0800ffcc   0x0000000c   Code   RO         5293    i.__set_errno       mc_w.l(errno.o)
    0x0800ffd8   0x00000164   Code   RO         5241    i._fp_digits        mc_w.l(printfa.o)
    0x0801013c   0x0000000e   Code   RO         5355    i._is_digit         mc_w.l(scanf_fp.o)
    0x0801014a   0x00000002   PAD
    0x0801014c   0x000006dc   Code   RO         5242    i._printf_core      mc_w.l(printfa.o)
    0x08010828   0x00000024   Code   RO         5243    i._printf_post_padding  mc_w.l(printfa.o)
    0x0801084c   0x0000002e   Code   RO         5244    i._printf_pre_padding  mc_w.l(printfa.o)
    0x0801087a   0x00000016   Code   RO         5245    i._snputc           mc_w.l(printfa.o)
    0x08010890   0x0000000a   Code   RO         5246    i._sputc            mc_w.l(printfa.o)
    0x0801089a   0x0000002a   Code   RO         4975    i.atof              m_ws.l(atof.o)
    0x080108c4   0x00000030   Code   RO            1    i.eTaskConfirmSleepModeStatus  tasks.o
    0x080108f4   0x00000018   Code   RO         1602    i.fputc             usart.o
    0x0801090c   0x0000005c   Code   RO         1315    i.get_sys_time      sys_time_module.o
    0x08010968   0x00000064   Code   RO         1316    i.get_sys_time_tm   sys_time_module.o
    0x080109cc   0x0000000c   Code   RO          570    i.inHandlerMode     cmsis_os.o
    0x080109d8   0x000000f0   Code   RO         1136    i.init_display_menus  display_module.o
    0x08010ac8   0x000000fc   Code   RO         1137    i.init_display_module  display_module.o
    0x08010bc4   0x0000013c   Code   RO         1393    i.init_storage_module  storage_moudle.o
    0x08010d00   0x000000e8   Code   RO         1317    i.init_sys_time_module  sys_time_module.o
    0x08010de8   0x00000070   Code   RO         1449    i.main              main.o
    0x08010e58   0x0000000c   Code   RO          572    i.makeFreeRtosPriority  cmsis_os.o
    0x08010e64   0x0000000e   Code   RO          573    i.osDelay           cmsis_os.o
    0x08010e72   0x0000000a   Code   RO          576    i.osKernelStart     cmsis_os.o
    0x08010e7c   0x00000008   Code   RO          584    i.osMessageCreate   cmsis_os.o
    0x08010e84   0x00000090   Code   RO          585    i.osMessageGet      cmsis_os.o
    0x08010f14   0x00000054   Code   RO          587    i.osMessagePut      cmsis_os.o
    0x08010f68   0x00000006   Code   RO          588    i.osMutexCreate     cmsis_os.o
    0x08010f6e   0x00000002   PAD
    0x08010f70   0x00000048   Code   RO          590    i.osMutexRelease    cmsis_os.o
    0x08010fb8   0x00000060   Code   RO          591    i.osMutexWait       cmsis_os.o
    0x08011018   0x0000002e   Code   RO          599    i.osSemaphoreCreate  cmsis_os.o
    0x08011046   0x00000002   PAD
    0x08011048   0x00000048   Code   RO          601    i.osSemaphoreRelease  cmsis_os.o
    0x08011090   0x00000060   Code   RO          602    i.osSemaphoreWait   cmsis_os.o
    0x080110f0   0x00000014   Code   RO          605    i.osSystickHandler  cmsis_os.o
    0x08011104   0x00000038   Code   RO          606    i.osThreadCreate    cmsis_os.o
    0x0801113c   0x00000034   Code   RO            3    i.prvAddCurrentTaskToDelayedList  tasks.o
    0x08011170   0x00000054   Code   RO            4    i.prvCheckTasksWaitingTermination  tasks.o
    0x080111c4   0x00000026   Code   RO          402    i.prvCopyDataFromQueue  queue.o
    0x080111ea   0x0000006e   Code   RO          403    i.prvCopyDataToQueue  queue.o
    0x08011258   0x00000024   Code   RO            5    i.prvGetExpectedIdleTime  tasks.o
    0x0801127c   0x0000004c   Code   RO         4925    i.prvHeapInit       heap_4.o
    0x080112c8   0x00000048   Code   RO            6    i.prvIdleTask       tasks.o
    0x08011310   0x0000004c   Code   RO         4926    i.prvInsertBlockIntoFreeList  heap_4.o
    0x0801135c   0x00000020   Code   RO            8    i.prvResetNextTaskUnblockTime  tasks.o
    0x0801137c   0x00000018   Code   RO         4843    i.prvTaskExitError  port.o
    0x08011394   0x00000064   Code   RO          404    i.prvUnlockQueue    queue.o
    0x080113f8   0x000000bc   Code   RO         4927    i.pvPortMalloc      heap_4.o
    0x080114b4   0x00000018   Code   RO           10    i.pvTaskIncrementMutexHeldCount  tasks.o
    0x080114cc   0x00000020   Code   RO         4844    i.pxPortInitialiseStack  port.o
    0x080114ec   0x000000a8   Code   RO         1318    i.set_sys_time      sys_time_module.o
    0x08011594   0x00000118   Code   RO         2137    i.sync_time         time_related.o
    0x080116ac   0x00000024   Code   RO          357    i.uxListRemove      list.o
    0x080116d0   0x00000016   Code   RO          358    i.vListInitialise   list.o
    0x080116e6   0x00000006   Code   RO          359    i.vListInitialiseItem  list.o
    0x080116ec   0x00000030   Code   RO          360    i.vListInsert       list.o
    0x0801171c   0x00000018   Code   RO          361    i.vListInsertEnd    list.o
    0x08011734   0x00000034   Code   RO         4846    i.vPortEnterCritical  port.o
    0x08011768   0x00000024   Code   RO         4847    i.vPortExitCritical  port.o
    0x0801178c   0x00000048   Code   RO         4928    i.vPortFree         heap_4.o
    0x080117d4   0x00000044   Code   RO         4848    i.vPortSetupTimerInterrupt  port.o
    0x08011818   0x000000e0   Code   RO         4849    i.vPortSuppressTicksAndSleep  port.o
    0x080118f8   0x00000040   Code   RO         4850    i.vPortValidateInterruptPriority  port.o
    0x08011938   0x00000018   Code   RO         4851    i.vPortYield        port.o
    0x08011950   0x00000050   Code   RO           18    i.vTaskDelay        tasks.o
    0x080119a0   0x0000000c   Code   RO           22    i.vTaskMissedYield  tasks.o
    0x080119ac   0x00000058   Code   RO           24    i.vTaskPlaceOnEventList  tasks.o
    0x08011a04   0x00000084   Code   RO           26    i.vTaskPriorityInherit  tasks.o
    0x08011a88   0x0000001c   Code   RO           30    i.vTaskSetTimeOutState  tasks.o
    0x08011aa4   0x00000054   Code   RO           31    i.vTaskStartScheduler  tasks.o
    0x08011af8   0x00000020   Code   RO           32    i.vTaskStepTick     tasks.o
    0x08011b18   0x00000010   Code   RO           34    i.vTaskSuspendAll   tasks.o
    0x08011b28   0x00000054   Code   RO           35    i.vTaskSwitchContext  tasks.o
    0x08011b7c   0x00000074   Code   RO         4852    i.xPortStartScheduler  port.o
    0x08011bf0   0x00000024   Code   RO         4853    i.xPortSysTickHandler  port.o
    0x08011c14   0x0000002a   Code   RO          414    i.xQueueCreateCountingSemaphore  queue.o
    0x08011c3e   0x0000004a   Code   RO          415    i.xQueueCreateMutex  queue.o
    0x08011c88   0x00000050   Code   RO          416    i.xQueueGenericCreate  queue.o
    0x08011cd8   0x0000012e   Code   RO          417    i.xQueueGenericReceive  queue.o
    0x08011e06   0x0000006a   Code   RO          418    i.xQueueGenericReset  queue.o
    0x08011e70   0x00000114   Code   RO          419    i.xQueueGenericSend  queue.o
    0x08011f84   0x0000008c   Code   RO          420    i.xQueueGenericSendFromISR  queue.o
    0x08012010   0x00000076   Code   RO          422    i.xQueueGiveFromISR  queue.o
    0x08012086   0x00000076   Code   RO          427    i.xQueueReceiveFromISR  queue.o
    0x080120fc   0x00000058   Code   RO           36    i.xTaskCheckForTimeOut  tasks.o
    0x08012154   0x0000018c   Code   RO           37    i.xTaskGenericCreate  tasks.o
    0x080122e0   0x0000001c   Code   RO           41    i.xTaskGetSchedulerState  tasks.o
    0x080122fc   0x000000c0   Code   RO           44    i.xTaskIncrementTick  tasks.o
    0x080123bc   0x00000084   Code   RO           47    i.xTaskPriorityDisinherit  tasks.o
    0x08012440   0x00000070   Code   RO           48    i.xTaskRemoveFromEventList  tasks.o
    0x080124b0   0x000000ac   Code   RO           50    i.xTaskResumeAll    tasks.o
    0x0801255c   0x00000019   Data   RO         1082    .constdata          system_stm32l1xx.o
    0x08012575   0x00000008   Data   RO         1083    .constdata          system_stm32l1xx.o
    0x0801257d   0x00000003   PAD
    0x08012580   0x0000001c   Data   RO         1139    .constdata          display_module.o
    0x0801259c   0x00000014   Data   RO         1320    .constdata          sys_time_module.o
    0x080125b0   0x00000028   Data   RO         1395    .constdata          storage_moudle.o
    0x080125d8   0x00001010   Data   RO         1870    .constdata          lcd.o
    0x080135e8   0x00000081   Data   RO         5326    .constdata          mc_w.l(ctype_o.o)
    0x08013669   0x00000003   PAD
    0x0801366c   0x00000004   Data   RO         5327    .constdata          mc_w.l(ctype_o.o)
    0x08013670   0x00000008   Data   RO         1140    .conststring        display_module.o
    0x08013678   0x00000008   Data   RO         1321    .conststring        sys_time_module.o
    0x08013680   0x00000015   Data   RO         1396    .conststring        storage_moudle.o
    0x08013695   0x00000003   PAD
    0x08013698   0x00000020   Data   RO         5370    Region$$Table       anon$$obj.o


    Execution Region RW_IRAM1 (Base: 0x20000000, Size: 0x00004d68, Max: 0x00008000, ABSOLUTE, COMPRESSED[0x00000010])

    Base Addr    Size         Type   Attr      Idx    E Section Name        Object

    0x20000000   0x00000038   Data   RW           53    .data               tasks.o
    0x20000038   0x00000004   Data   RW         1084    .data               system_stm32l1xx.o
    0x2000003c   0x00000028   Data   RW         1141    .data               display_module.o
    0x20000064   0x00000018   Data   RW         1322    .data               sys_time_module.o
    0x2000007c   0x0000007c   Data   RW         1397    .data               storage_moudle.o
    0x200000f8   0x00000004   Data   RW         1398    .data               storage_moudle.o
    0x200000fc   0x0000000e   Data   RW         1767    .data               pcf8563.o
    0x2000010a   0x00000002   PAD
    0x2000010c   0x00000004   Data   RW         2374    .data               stm32l1xx_hal.o
    0x20000110   0x00000018   Data   RW         4854    .data               port.o
    0x20000128   0x00000018   Data   RW         4933    .data               heap_4.o
    0x20000140   0x00000004   Data   RW         4994    .data               mc_w.l(strtok.o)
    0x20000144   0x00000004   Data   RW         5286    .data               mc_w.l(stdout.o)
    0x20000148   0x00000004   Data   RW         5294    .data               mc_w.l(errno.o)
    0x2000014c   0x000000f0   Zero   RW           52    .bss                tasks.o
    0x2000023c   0x00000128   Zero   RW         1138    .bss                display_module.o
    0x20000364   0x00000053   Zero   RW         1319    .bss                sys_time_module.o
    0x200003b7   0x00000001   PAD
    0x200003b8   0x00000460   Zero   RW         1394    .bss                storage_moudle.o
    0x20000818   0x00000080   Zero   RW         1603    .bss                usart.o
    0x20000898   0x00000020   Zero   RW         1655    .bss                rtc.o
    0x200008b8   0x0000000c   Zero   RW         1696    .bss                iwdg.o
    0x200008c4   0x00000420   Zero   RW         1868    .bss                lcd.o
    0x20000ce4   0x00000080   Zero   RW         1869    .bss                lcd.o
    0x20000d64   0x00003c00   Zero   RW         4932    .bss                heap_4.o
    0x20004964   0x00000004   PAD
    0x20004968   0x00000400   Zero   RW          912    STACK               startup_stm32l152xc.o


==============================================================================

Image component sizes


      Code (inc. data)   RO Data    RW Data    ZI Data      Debug   Object Name

       358          0          0          0          0       3691   at24c512.o
       824         58          0          0          0       7138   at_iic.o
       108         12          0          0          0       1010   button.o
       748         32          0          0          0      20314   cmsis_os.o
     12618       1386         36         40        296      26430   display_module.o
       292         18          0          0          0       1175   gpio.o
       412         24          0         24      15360       4707   heap_4.o
        28          8          0          0         12        784   iwdg.o
      1190         42       4112          0       1184       9967   lcd.o
       136          0          0          0          0       3938   list.o
       318         92          0          0          0       3443   main.o
      1438         60          0         14          0       9966   pcf8563.o
       838         84          0         24          0      11115   port.o
      1504          0          0          0          0      12864   queue.o
       284         80          0          0         32       2007   rtc.o
        36          8        292          0       1024        876   startup_stm32l152xc.o
         0          0          0          0          0     399584   stm32l152c_discovery.o
       130         16          0          4          0       5013   stm32l1xx_hal.o
       248         22          0          0          0      29212   stm32l1xx_hal_cortex.o
       440         38          0          0          0       3950   stm32l1xx_hal_gpio.o
        94          0          0          0          0       2003   stm32l1xx_hal_iwdg.o
        72         14          0          0          0       1320   stm32l1xx_hal_pwr.o
        16          6          0          0          0        660   stm32l1xx_hal_pwr_ex.o
      2708        110          0          0          0       7796   stm32l1xx_hal_rcc.o
       392         14          0          0          0       1652   stm32l1xx_hal_rcc_ex.o
       846         26          0          0          0       6907   stm32l1xx_hal_rtc.o
       556          8          0          0          0       3909   stm32l1xx_hal_rtc_ex.o
      1118          6          0          0          0       4801   stm32l1xx_hal_uart.o
        52          6          0          0          0       5156   stm32l1xx_it.o
      3824        872         61        128       1120       7650   storage_moudle.o
      1808        402         28         24         83       6936   sys_time_module.o
        80         18         33          4          0       1483   system_stm32l1xx.o
      2024        174          0         56        240      41398   tasks.o
       280         60          0          0          0        836   time_related.o
         0          0          0          0          0       3172   timers.o
       312         44          0          0        128       3185   usart.o

    ----------------------------------------------------------------------
     36166       3740       4600        320      19484     656048   Object Totals
         0          0         32          0          0          0   (incl. Generated)
        34          0          6          2          5          0   (incl. Padding)

    ----------------------------------------------------------------------

      Code (inc. data)   RO Data    RW Data    ZI Data      Debug   Library Member Name

        42          0          0          0          0         84   atof.o
        58          0          0          0          0          0   __dczerorl.o
        28          0          0          0          0         68   _chval.o
        64          0          0          0          0         84   _sgetc.o
       158          0          0          0          0         92   _strtoul.o
        26          0          0          0          0         80   atoi.o
         8          4        133          0          0         68   ctype_o.o
         0          0          0          0          0          0   entry.o
         0          0          0          0          0          0   entry10a.o
         0          0          0          0          0          0   entry11a.o
         8          4          0          0          0          0   entry2.o
         4          0          0          0          0          0   entry5.o
         0          0          0          0          0          0   entry7b.o
         0          0          0          0          0          0   entry8b.o
         8          4          0          0          0          0   entry9a.o
        32         16          0          4          0        204   errno.o
        30          0          0          0          0          0   handlers.o
        36          8          0          0          0         68   init.o
        18          0          0          0          0         76   isspace_o.o
         0          0          0          0          0          0   iusefp.o
        30          0          0          0          0         68   llshl.o
        36          0          0          0          0         68   llsshr.o
        32          0          0          0          0         68   llushr.o
        20          0          0          0          0         68   memchr.o
        26          0          0          0          0         80   memcmp.o
        36          0          0          0          0         68   memcpya.o
        36          0          0          0          0        108   memseta.o
      2338        100          0          0          0        748   printfa.o
       838         12          0          0          0        216   scanf_fp.o
         0          0          0          4          0          0   stdout.o
        14          0          0          0          0         68   strlen.o
        24          0          0          0          0         76   strncpy.o
       156         14          0          0          0        120   strtod.o
        68          6          0          4          0         80   strtok.o
       112          0          0          0          0         88   strtol.o
        44          0          0          0          0         80   uidiv.o
        98          0          0          0          0         92   uldiv.o
        48          0          0          0          0         68   cdrcmple.o
        56          0          0          0          0         88   d2f.o
       334          0          0          0          0        148   dadd.o
       222          0          0          0          0        100   ddiv.o
       186          0          0          0          0        176   depilogue.o
        48          0          0          0          0         68   dfixul.o
        24          0          0          0          0         76   dfltul.o
       228          0          0          0          0         96   dmul.o
        38          0          0          0          0         68   f2d.o
       110          0          0          0          0        168   fepilogue.o
        40          0          0          0          0         68   ffixui.o
       100          0          0          0          0         76   fmul.o

    ----------------------------------------------------------------------
      5874        168        136         12          0       4120   Library Totals
        12          0          3          0          0          0   (incl. Padding)

    ----------------------------------------------------------------------

      Code (inc. data)   RO Data    RW Data    ZI Data      Debug   Library Name

        42          0          0          0          0         84   m_ws.l
      4386        168        133         12          0       2836   mc_w.l
      1434          0          0          0          0       1200   mf_w.l

    ----------------------------------------------------------------------
      5874        168        136         12          0       4120   Library Totals

    ----------------------------------------------------------------------

==============================================================================


      Code (inc. data)   RO Data    RW Data    ZI Data      Debug   

     42040       3908       4736        332      19484     647036   Grand Totals
     42040       3908       4736         16      19484     647036   ELF Image Totals (compressed)
     42040       3908       4736         16          0          0   ROM Totals

==============================================================================

    Total RO  Size (Code + RO Data)                46776 (  45.68kB)
    Total RW  Size (RW Data + ZI Data)             19816 (  19.35kB)
    Total ROM Size (Code + RO Data + RW Data)      46792 (  45.70kB)

==============================================================================

